Microchip Technology Inc, v

Tool Name:
  /Applications/microchip/xc16/v1.21/bin/bin/../bin/elf-ld

Command:
  -p24HJ128GP204 \
  -o \
  dist/default/production/90-QCM_BasicControl.production.elf \
  -L/Applications/microchip/xc16/v1.21/bin/bin/.. \
  -L/Applications/microchip/xc16/v1.21/bin/bin/../../lib \
  -L/Applications/microchip/xc16/v1.21/bin/bin/../../lib/PIC24E \
  -L/Applications/microchip/xc16/v1.21/bin/bin/../../support/PIC24E/gld \
  -L/Applications/microchip/xc16/v1.21/bin/bin/../../lib/PIC24F \
  -L/Applications/microchip/xc16/v1.21/bin/bin/../../support/PIC24F/gld \
  -L/Applications/microchip/xc16/v1.21/bin/bin/../../lib/PIC24H \
  -L/Applications/microchip/xc16/v1.21/bin/bin/../../support/PIC24H/gld \
  -L/Applications/microchip/xc16/v1.21/bin/bin/../../lib/dsPIC30F \
  -L/Applications/microchip/xc16/v1.21/bin/bin/../../support/dsPIC30F/gld \
  -L/Applications/microchip/xc16/v1.21/bin/bin/../../lib/dsPIC33E \
  -L/Applications/microchip/xc16/v1.21/bin/bin/../../support/dsPIC33E/gld \
  -L/Applications/microchip/xc16/v1.21/bin/bin/../../lib/dsPIC33F \
  -L/Applications/microchip/xc16/v1.21/bin/bin/../../support/dsPIC33F/gld \
  build/default/production/_ext/261188026/ADC.o \
  build/default/production/_ext/261188026/ADCInit.o \
  build/default/production/_ext/261188026/ADCISR.o \
  build/default/production/_ext/261188026/ADCLocal.o \
  build/default/production/_ext/261189241/BLI.o \
  build/default/production/_ext/261189241/BLIInit.o \
  build/default/production/_ext/261189241/BLILocal.o \
  build/default/production/_ext/261189241/BLIMorse.o \
  build/default/production/_ext/261190851/DBG.o \
  build/default/production/_ext/261190888/DCM.o \
  build/default/production/_ext/261190888/DCMBaseVectors.o \
  build/default/production/_ext/261190888/DCMConstructors.o \
  build/default/production/_ext/261190888/DCMLocal.o \
  build/default/production/_ext/261190888/DCMMethods.o \
  build/default/production/_ext/1219465957/HMCMAG_Async.o \
  build/default/production/_ext/1219465957/HMCMAG_Init.o \
  build/default/production/_ext/1219465957/HMCMAG_Local.o \
  build/default/production/_ext/1219465957/HMCMAG_Mgmt.o \
  build/default/production/_ext/1219465957/HMCMAG_Sync.o \
  build/default/production/_ext/1219465957/HMCMAG_ISR.o \
  build/default/production/_ext/261195156/I2C_Async.o \
  build/default/production/_ext/261195156/I2C_Init.o \
  build/default/production/_ext/261195156/I2C_ISR.o \
  build/default/production/_ext/261195156/I2C_Local.o \
  build/default/production/_ext/261195156/I2C_Sync.o \
  build/default/production/_ext/261195156/I2C_SyncRead.o \
  build/default/production/_ext/261195156/I2C_SyncWrite.o \
  build/default/production/_ext/261196011/IMU.o \
  build/default/production/_ext/261196011/IMUReset.o \
  build/default/production/_ext/492825802/Init.o \
  build/default/production/_ext/261199537/MCM.o \
  build/default/production/_ext/261199537/MCMInit.o \
  build/default/production/_ext/261199537/MCMLocal.o \
  build/default/production/_ext/1095620897/MPU6050_Async.o \
  build/default/production/_ext/1095620897/MPU6050_Init.o \
  build/default/production/_ext/1095620897/MPU6050_ISR_INT1.o \
  build/default/production/_ext/1095620897/MPU6050_Local.o \
  build/default/production/_ext/1095620897/MPU6050_Mgmt.o \
  build/default/production/_ext/1095620897/MPU6050_Reset.o \
  build/default/production/_ext/1095620897/MPU6050_Sync.o \
  build/default/production/_ext/261203381/QCMBatteryMgmt.o \
  build/default/production/_ext/261203381/QCMConst.o \
  build/default/production/_ext/261203381/QCMNormalize.o \
  build/default/production/_ext/261203381/QCMPerformStep.o \
  build/default/production/_ext/1099952713/RC.o \
  build/default/production/_ext/1099952713/RCInit.o \
  build/default/production/_ext/1099952713/RCLocal.o \
  build/default/production/_ext/1099952713/RC_ISR.o \
  build/default/production/_ext/261206579/TMR.o \
  build/default/production/_ext/261206579/TMRInit.o \
  build/default/production/_ext/261206579/TMRLocal.o \
  build/default/production/_ext/261206579/TMR_ISR.o \
  build/default/production/_ext/492512300/UART_TX_API.o \
  build/default/production/_ext/492512300/UART_TX_Init.o \
  build/default/production/_ext/492512300/UART_TX_ISR.o \
  build/default/production/_ext/492512300/UART_TX_Local.o \
  build/default/production/main.o \
  --defsym=__MPLAB_BUILD=1 \
  -Tp24HJ128GP204.gld.00 \
  --stack=16 \
  --check-sections \
  --data-init \
  --pack-data \
  --handles \
  --isr \
  --no-gc-sections \
  --fill-upper=0 \
  --stackguard=16 \
  --no-force-link \
  --smart-io \
  -Map=dist/default/production/90-QCM_BasicControl.production.map \
  --report-mem \
  -start-group \
  --library=fx-elf \
  --library=pic30-elf \
  --library=fastm-elf \
  --library=c-elf \
  -end-group \

Archive member included because of file (symbol)

/Applications/microchip/xc16/v1.21/bin/bin/../../lib/libpic30-elf.a(crt0_standard.o)
                              (__resetPRI)
[...]
Memory Configuration

Name             Origin             Length             Attributes
data             0x000800           0x002000           a !xr
reset            0x000000           0x000004  
ivt              0x000004           0x0000fc  
_reserved        0x000100           0x000004  
aivt             0x000104           0x0000fc  
program          0x000200           0x0155fe           xr
FBS              0xf80000           0x000002  
FSS              0xf80002           0x000002  
FGS              0xf80004           0x000002  
FOSCSEL          0xf80006           0x000002  
FOSC             0xf80008           0x000002  
FWDT             0xf8000a           0x000002  
FPOR             0xf8000c           0x000002  
FICD             0xf8000e           0x000002  
FUID0            0xf80010           0x000002  
FUID1            0xf80012           0x000002  
FUID2            0xf80014           0x000002  
FUID3            0xf80016           0x000002  
*default*        0x000000           0xffffffff  

Linker script and memory map

LOAD build/default/production/_ext/261188026/ADC.o
LOAD build/default/production/_ext/261188026/ADCInit.o
LOAD build/default/production/_ext/261188026/ADCISR.o
LOAD build/default/production/_ext/261188026/ADCLocal.o
LOAD build/default/production/_ext/261189241/BLI.o
LOAD build/default/production/_ext/261189241/BLIInit.o
LOAD build/default/production/_ext/261189241/BLILocal.o
LOAD build/default/production/_ext/261189241/BLIMorse.o
LOAD build/default/production/_ext/261190851/DBG.o
LOAD build/default/production/_ext/261190888/DCM.o
LOAD build/default/production/_ext/261190888/DCMBaseVectors.o
LOAD build/default/production/_ext/261190888/DCMConstructors.o
LOAD build/default/production/_ext/261190888/DCMLocal.o
LOAD build/default/production/_ext/261190888/DCMMethods.o
LOAD build/default/production/_ext/1219465957/HMCMAG_Async.o
LOAD build/default/production/_ext/1219465957/HMCMAG_Init.o
LOAD build/default/production/_ext/1219465957/HMCMAG_Local.o
LOAD build/default/production/_ext/1219465957/HMCMAG_Mgmt.o
LOAD build/default/production/_ext/1219465957/HMCMAG_Sync.o
LOAD build/default/production/_ext/1219465957/HMCMAG_ISR.o
LOAD build/default/production/_ext/261195156/I2C_Async.o
LOAD build/default/production/_ext/261195156/I2C_Init.o
LOAD build/default/production/_ext/261195156/I2C_ISR.o
LOAD build/default/production/_ext/261195156/I2C_Local.o
LOAD build/default/production/_ext/261195156/I2C_Sync.o
LOAD build/default/production/_ext/261195156/I2C_SyncRead.o
LOAD build/default/production/_ext/261195156/I2C_SyncWrite.o
LOAD build/default/production/_ext/261196011/IMU.o
LOAD build/default/production/_ext/261196011/IMUReset.o
LOAD build/default/production/_ext/492825802/Init.o
LOAD build/default/production/_ext/261199537/MCM.o
LOAD build/default/production/_ext/261199537/MCMInit.o
LOAD build/default/production/_ext/261199537/MCMLocal.o
LOAD build/default/production/_ext/1095620897/MPU6050_Async.o
LOAD build/default/production/_ext/1095620897/MPU6050_Init.o
LOAD build/default/production/_ext/1095620897/MPU6050_ISR_INT1.o
LOAD build/default/production/_ext/1095620897/MPU6050_Local.o
LOAD build/default/production/_ext/1095620897/MPU6050_Mgmt.o
LOAD build/default/production/_ext/1095620897/MPU6050_Reset.o
LOAD build/default/production/_ext/1095620897/MPU6050_Sync.o
LOAD build/default/production/_ext/261203381/QCMBatteryMgmt.o
LOAD build/default/production/_ext/261203381/QCMConst.o
LOAD build/default/production/_ext/261203381/QCMNormalize.o
LOAD build/default/production/_ext/261203381/QCMPerformStep.o
LOAD build/default/production/_ext/1099952713/RC.o
LOAD build/default/production/_ext/1099952713/RCInit.o
LOAD build/default/production/_ext/1099952713/RCLocal.o
LOAD build/default/production/_ext/1099952713/RC_ISR.o
LOAD build/default/production/_ext/261206579/TMR.o
LOAD build/default/production/_ext/261206579/TMRInit.o
LOAD build/default/production/_ext/261206579/TMRLocal.o
LOAD build/default/production/_ext/261206579/TMR_ISR.o
LOAD build/default/production/_ext/492512300/UART_TX_API.o
LOAD build/default/production/_ext/492512300/UART_TX_Init.o
LOAD build/default/production/_ext/492512300/UART_TX_ISR.o
LOAD build/default/production/_ext/492512300/UART_TX_Local.o
LOAD build/default/production/main.o
                    0x0001                  __MPLAB_BUILD = 0x1
LOAD /Applications/microchip/xc16/v1.21/bin/bin/../../lib/PIC24H/libp24HJ128GP204-elf.a
                    0xf80000                  __FBS = 0xf80000
                    0xf80002                  __FSS = 0xf80002
                    0xf80004                  __FGS = 0xf80004
                    0xf80006                  __FOSCSEL = 0xf80006
                    0xf80008                  __FOSC = 0xf80008
                    0xf8000a                  __FWDT = 0xf8000a
                    0xf8000c                  __FPOR = 0xf8000c
                    0xf8000e                  __FICD = 0xf8000e
                    0xf80010                  __FUID0 = 0xf80010
                    0xf80012                  __FUID1 = 0xf80012
                    0xf80014                  __FUID2 = 0xf80014
                    0xf80016                  __FUID3 = 0xf80016
                    0x0004                  __IVT_BASE = 0x4
                    0x0104                  __AIVT_BASE = 0x104
                    0x0800                  __DATA_BASE = 0x800
                    0x2000                  __DATA_LENGTH = 0x2000
                    0x2000                  __DMA_BASE = 0x2000
                    0x27ff                  __DMA_END = 0x27ff
                    0x0200                  __CODE_BASE = 0x200
                    0x15600                  __CODE_LENGTH = 0x15600

.reset            0x000000          0x4
                  0x000000          0x2 SHORT 0x200 ABSOLUTE (__reset)
                  0x000001          0x2 SHORT 0x4
                  0x000002          0x2 SHORT 0x0 ((ABSOLUTE (__reset) >> 0x10) & 0x7f)
                  0x000003          0x2 SHORT 0x0

.text             0x000200       0x1e32
 *(.init)
 .init            0x000200         0x36 /Applications/microchip/xc16/v1.21/bin/bin/../../lib/libpic30-elf.a(crt0_standard.o)
                  0x000200                  __reset
                  0x000200                  __resetPRI
                  0x000226                  __psv_init
 .init            0x000236         0x5e /Applications/microchip/xc16/v1.21/bin/bin/../../lib/libpic30-elf.a(data_init_standard.o)
                  0x000236                  __data_init
                  0x000236                  __data_init_standard
 *(.user_init)
 *(.handle)
 .handle          0x000294          0xc jump_table
 *(.isr*)
 .isr.text        0x0002a0         0x98 build/default/production/_ext/261188026/ADCISR.o
                  0x0002a0                  __ADC1Interrupt
 .isr.text        0x000338        0x1a4 build/default/production/_ext/1219465957/HMCMAG_ISR.o
                  0x000338                  __IC2Interrupt
                  0x000366                  __HMCCallBack
 .isr.text        0x0004dc         0x8c build/default/production/_ext/261195156/I2C_ISR.o
                  0x0004dc                  __MI2C1Interrupt
                  0x000560                  __SI2C1Interrupt
 .isr.text        0x000568        0x25e build/default/production/_ext/1095620897/MPU6050_ISR_INT1.o
                  0x000568                  __INT1Interrupt
                  0x000596                  __MPUCallBack
 .isr.text        0x0007c6        0x3b2 build/default/production/_ext/1099952713/RC_ISR.o
                  0x0007c6                  __T3Interrupt
                  0x0007f6                  __CNInterrupt
 .isr.text        0x000b78         0x64 build/default/production/_ext/261206579/TMR_ISR.o
                  0x000b78                  __T1Interrupt
                  0x000bb2                  __RTCCInterrupt
 .isr.text        0x000bdc         0x56 build/default/production/_ext/492512300/UART_TX_ISR.o
                  0x000bdc                  __U1TXInterrupt
 .isr             0x000c32          0x4 default_isr
                  0x000c32                  __DefaultInterrupt
 *(.libc)
 *(.libm)
 *(.libdsp)
 *(.lib*)
 .libm.atanf      0x000c36         0x3a /Applications/microchip/xc16/v1.21/bin/bin/../../lib/libfastm-elf.a(atan2f.eo)
                  0x000c36                  _atan2f
 .libm.eqsf2      0x000c70          0x4 /Applications/microchip/xc16/v1.21/bin/bin/../../lib/libfastm-elf.a(feqltle.eo)
                  0x000c70                  ___lesf2
                  0x000c70                  ___eqsf2
                  0x000c70                  ___ltsf2
 .libm.gtsf2      0x000c74          0x4 /Applications/microchip/xc16/v1.21/bin/bin/../../lib/libfastm-elf.a(fgtge.eo)
                  0x000c74                  ___gtsf2
                  0x000c74                  ___gesf2
 .libm.fixunssfsi
                  0x000c78         0x36 /Applications/microchip/xc16/v1.21/bin/bin/../../lib/libfastm-elf.a(fixunssfsi.eo)
                  0x000c78                  ___fixunssfsi
 .libm.floatsisf
                  0x000cae          0x6 /Applications/microchip/xc16/v1.21/bin/bin/../../lib/libfastm-elf.a(floatsisf.eo)
                  0x000cae                  ___floatsisf
 .libm.floatunsisf
                  0x000cb4          0x4 /Applications/microchip/xc16/v1.21/bin/bin/../../lib/libfastm-elf.a(floatunsisf.eo)
                  0x000cb4                  ___floatunsisf
 .libm.floorf     0x000cb8         0x10 /Applications/microchip/xc16/v1.21/bin/bin/../../lib/libfastm-elf.a(floorf.eo)
                  0x000cb8                  _floorf
 .libm.nesf2      0x000cc8          0x4 /Applications/microchip/xc16/v1.21/bin/bin/../../lib/libfastm-elf.a(fne.eo)
                  0x000cc8                  ___nesf2
 .libm.funpack    0x000ccc         0x2a /Applications/microchip/xc16/v1.21/bin/bin/../../lib/libfastm-elf.a(funpack.eo)
                  0x000ccc                  __funpack
 .libm.funpack2
                  0x000cf6         0x10 /Applications/microchip/xc16/v1.21/bin/bin/../../lib/libfastm-elf.a(funpack2.eo)
                  0x000cf6                  __funpack2
 .libm.fPropagateNaN
                  0x000d06         0x12 /Applications/microchip/xc16/v1.21/bin/bin/../../lib/libfastm-elf.a(futil.eo)
                  0x000d06                  __fPropagateNaN
 .libm.fbobExit
                  0x000d18          0x8 /Applications/microchip/xc16/v1.21/bin/bin/../../lib/libfastm-elf.a(futil.eo)
                  0x000d18                  __fbopExit
 .libm.fbopReturnNaN
                  0x000d20          0x6 /Applications/microchip/xc16/v1.21/bin/bin/../../lib/libfastm-elf.a(futil.eo)
                  0x000d20                  __fbopReturnNaN
 .libmx           0x000d26        0x15c /Applications/microchip/xc16/v1.21/bin/bin/../../lib/libfastm-elf.a(sinfx.eo)
                  0x000d26                  _sinfx
                  0x000d26                  _sinf
                  0x000de8                  _cosfx
                  0x000de8                  _cosf
 .libmx           0x000e82         0x34 /Applications/microchip/xc16/v1.21/bin/bin/../../lib/libfastm-elf.a(typefx.eo)
                  0x000e82                  __typef
 .libmx           0x000eb6        0x1dc /Applications/microchip/xc16/v1.21/bin/bin/../../lib/libfastm-elf.a(addsf3x.eo)
                  0x000eb6                  ___subsf3
                  0x000eb6                  ___subsf3x
                  0x000ec8                  ___addsf3
                  0x000ec8                  ___addsf3x
 .libmx           0x001092        0x10c /Applications/microchip/xc16/v1.21/bin/bin/../../lib/libfastm-elf.a(mulsf3x.eo)
                  0x001092                  ___mulsf3
                  0x001092                  ___mulsf3x
 .libmx           0x00119e        0x16c /Applications/microchip/xc16/v1.21/bin/bin/../../lib/libfastm-elf.a(asinfx.eo)
                  0x00119e                  _asinf
                  0x00119e                  _asinfx
                  0x001246                  __asinredf
                  0x0012da                  __sasinf
 .libmx           0x00130a        0x11e /Applications/microchip/xc16/v1.21/bin/bin/../../lib/libfastm-elf.a(atanfx.eo)
                  0x00130a                  _atanf
                  0x00130a                  _atanfx
 .libmx           0x001428        0x130 /Applications/microchip/xc16/v1.21/bin/bin/../../lib/libfastm-elf.a(smaddfx.eo)
                  0x001428                  __srmsubf
                  0x00142e                  __smsubf
                  0x001432                  __smaddf
 .libmx           0x001558         0x1c /Applications/microchip/xc16/v1.21/bin/bin/../../lib/libfastm-elf.a(spolyfx.eo)
                  0x001558                  __spolyf
 .libmx           0x001574         0x5e /Applications/microchip/xc16/v1.21/bin/bin/../../lib/libfastm-elf.a(unpackdnrmfx.eo)
                  0x001574                  __unpackdnrmf
 .libmx           0x0015d2        0x1be /Applications/microchip/xc16/v1.21/bin/bin/../../lib/libfastm-elf.a(divsf3x.eo)
                  0x0015d2                  ___divsf3x
                  0x0015d2                  ___divsf3
                  0x001764                  __sdivf
 .libmx           0x001790         0x12 /Applications/microchip/xc16/v1.21/bin/bin/../../lib/libfastm-elf.a(propnanfx.eo)
                  0x001790                  __propnanf
 .libmx           0x0017a2         0x56 /Applications/microchip/xc16/v1.21/bin/bin/../../lib/libfastm-elf.a(smulfx.eo)
                  0x0017a2                  __smulf
 .libmx           0x0017f8         0x7c /Applications/microchip/xc16/v1.21/bin/bin/../../lib/libfastm-elf.a(sqrtfx.eo)
                  0x0017f8                  _sqrtfx
                  0x0017f8                  _sqrtf
 .libmx           0x001874         0x66 /Applications/microchip/xc16/v1.21/bin/bin/../../lib/libfastm-elf.a(unpackfx.eo)
                  0x001874                  __unpackf
 .libmx           0x0018da         0x54 /Applications/microchip/xc16/v1.21/bin/bin/../../lib/libfastm-elf.a(dnrmpackfx.eo)
                  0x0018da                  __dnrmpackf
 .libmx           0x00192e         0xa0 /Applications/microchip/xc16/v1.21/bin/bin/../../lib/libfastm-elf.a(saddfx.eo)
                  0x00192e                  __srsubf
                  0x001934                  __ssubf
                  0x001938                  __saddf
 .libmx           0x0019ce         0xa6 /Applications/microchip/xc16/v1.21/bin/bin/../../lib/libfastm-elf.a(spackfx.eo)
                  0x0019ce                  __spackf
 .libmx           0x001a74         0xd6 /Applications/microchip/xc16/v1.21/bin/bin/../../lib/libfastm-elf.a(ssqrtfx.eo)
                  0x001a74                  __ssqrtf
 .libmx           0x001b4a         0x54 /Applications/microchip/xc16/v1.21/bin/bin/../../lib/libfastm-elf.a(sfloatfsix.eo)
                  0x001b4a                  __sfloatfsi
 .libmx           0x001b9e         0x46 /Applications/microchip/xc16/v1.21/bin/bin/../../lib/libfastm-elf.a(spolyf0x.eo)
                  0x001b9e                  __spolyf0
 .libmx           0x001be4         0x8c /Applications/microchip/xc16/v1.21/bin/bin/../../lib/libfastm-elf.a(strigredfx.eo)
                  0x001be4                  __strigredf
 .libm.fchop      0x001c70         0x4e /Applications/microchip/xc16/v1.21/bin/bin/../../lib/libfastm-elf.a(fchop.eo)
                  0x001c70                  __fchop
 .libm.fcompare
                  0x001cbe         0x36 /Applications/microchip/xc16/v1.21/bin/bin/../../lib/libfastm-elf.a(fcompare.eo)
                  0x001cbe                  __fcompare
 .libm.floatdisf
                  0x001cf4         0x20 /Applications/microchip/xc16/v1.21/bin/bin/../../lib/libfastm-elf.a(floatdisf.eo)
                  0x001cf4                  ___floatdisf
 .libm.floatundisf
                  0x001d14         0x5e /Applications/microchip/xc16/v1.21/bin/bin/../../lib/libfastm-elf.a(floatundisf.eo)
                  0x001d14                  ___floatundisf
 .libm.fpack      0x001d72         0x4c /Applications/microchip/xc16/v1.21/bin/bin/../../lib/libfastm-elf.a(fpack.eo)
                  0x001d72                  __fpack
 .libmx           0x001dbe         0x4a /Applications/microchip/xc16/v1.21/bin/bin/../../lib/libfastm-elf.a(spolyf1x.eo)
                  0x001dbe                  __spolyf1
 .libmx           0x001e08         0x62 /Applications/microchip/xc16/v1.21/bin/bin/../../lib/libfastm-elf.a(sintrndfx.eo)
                  0x001e08                  __sintrndf
 .libmx           0x001e6a         0x86 /Applications/microchip/xc16/v1.21/bin/bin/../../lib/libfastm-elf.a(spolyfbx.eo)
                  0x001e6a                  __spolyfb
 .libmx           0x001ef0         0x48 /Applications/microchip/xc16/v1.21/bin/bin/../../lib/libfastm-elf.a(norm3sx.eo)
                  0x001ef0                  __norm3s
 .libmx           0x001f38         0x3a /Applications/microchip/xc16/v1.21/bin/bin/../../lib/libfastm-elf.a(slmulx.eo)
                  0x001f38                  __slmul
 .libmx           0x001f72         0x4c /Applications/microchip/xc16/v1.21/bin/bin/../../lib/libfastm-elf.a(spolyfm1x.eo)
                  0x001f72                  __spolyfm1
 .libmx           0x001fbe         0x74 /Applications/microchip/xc16/v1.21/bin/bin/../../lib/libfastm-elf.a(norm4sx.eo)
                  0x001fbe                  __norm4s

usercode
 *(usercode)

__FBS
 *(__FBS.sec*)

__FSS
 *(__FSS.sec*)

__FGS
 *(__FGS.sec*)

__FOSCSEL         0xf80006          0x2
 *(__FOSCSEL.sec*)
 __FOSCSEL.sec    0xf80006          0x2 build/default/production/_ext/492825802/Init.o

__FOSC            0xf80008          0x2
 *(__FOSC.sec*)
 __FOSC.sec       0xf80008          0x2 build/default/production/_ext/492825802/Init.o

__FWDT            0xf8000a          0x2
 *(__FWDT.sec*)
 __FWDT.sec       0xf8000a          0x2 build/default/production/_ext/492825802/Init.o

__FPOR            0xf8000c          0x2
 *(__FPOR.sec*)
 __FPOR.sec       0xf8000c          0x2 build/default/production/_ext/492825802/Init.o

__FICD            0xf8000e          0x2
 *(__FICD.sec*)
 __FICD.sec       0xf8000e          0x2 build/default/production/_ext/492825802/Init.o

__FUID0
 *(__FUID0.sec*)

__FUID1
 *(__FUID1.sec*)

__FUID2
 *(__FUID2.sec*)

__FUID3
 *(__FUID3.sec*)

.comment
 *(.comment)

.debug_info       0x000000      0x1b9d9
 *(.debug_info)
 .debug_info      0x000000        0x2ab build/default/production/_ext/261188026/ADC.o
 .debug_info      0x0002ab        0xfab build/default/production/_ext/261188026/ADCInit.o
 .debug_info      0x001256        0x4f5 build/default/production/_ext/261188026/ADCISR.o
 .debug_info      0x00174b        0x25a build/default/production/_ext/261188026/ADCLocal.o
 .debug_info      0x0019a5        0x53b build/default/production/_ext/261189241/BLI.o
 .debug_info      0x001ee0        0x4ed build/default/production/_ext/261189241/BLIInit.o
 .debug_info      0x0023cd        0x47a build/default/production/_ext/261189241/BLILocal.o
 .debug_info      0x002847        0x790 build/default/production/_ext/261189241/BLIMorse.o
 .debug_info      0x002fd7        0x5ad build/default/production/_ext/261190851/DBG.o
 .debug_info      0x003584        0x88a build/default/production/_ext/261190888/DCM.o
 .debug_info      0x003e0e        0x6b8 build/default/production/_ext/261190888/DCMBaseVectors.o
 .debug_info      0x0044c6        0x290 build/default/production/_ext/261190888/DCMConstructors.o
 .debug_info      0x004756        0x329 build/default/production/_ext/261190888/DCMLocal.o
 .debug_info      0x004a7f        0x274 build/default/production/_ext/261190888/DCMMethods.o
 .debug_info      0x004cf3        0xaf0 build/default/production/_ext/1219465957/HMCMAG_Async.o
 .debug_info      0x0057e3        0xca1 build/default/production/_ext/1219465957/HMCMAG_Init.o
 .debug_info      0x006484        0x62c build/default/production/_ext/1219465957/HMCMAG_Local.o
 .debug_info      0x006ab0        0x57d build/default/production/_ext/1219465957/HMCMAG_Mgmt.o
 .debug_info      0x00702d        0x88b build/default/production/_ext/1219465957/HMCMAG_Sync.o
 .debug_info      0x0078b8        0xa11 build/default/production/_ext/1219465957/HMCMAG_ISR.o
 .debug_info      0x0082c9        0xc63 build/default/production/_ext/261195156/I2C_Async.o
 .debug_info      0x008f2c        0xbb4 build/default/production/_ext/261195156/I2C_Init.o
 .debug_info      0x009ae0        0x85e build/default/production/_ext/261195156/I2C_ISR.o
 .debug_info      0x00a33e        0x264 build/default/production/_ext/261195156/I2C_Local.o
 .debug_info      0x00a5a2        0x51c build/default/production/_ext/261195156/I2C_Sync.o
 .debug_info      0x00aabe        0x710 build/default/production/_ext/261195156/I2C_SyncRead.o
 .debug_info      0x00b1ce        0x6e9 build/default/production/_ext/261195156/I2C_SyncWrite.o
 .debug_info      0x00b8b7        0x313 build/default/production/_ext/261196011/IMU.o
 .debug_info      0x00bbca        0x362 build/default/production/_ext/261196011/IMUReset.o
 .debug_info      0x00bf2c        0x87c build/default/production/_ext/492825802/Init.o
 .debug_info      0x00c7a8        0x28e build/default/production/_ext/261199537/MCM.o
 .debug_info      0x00ca36       0x17de build/default/production/_ext/261199537/MCMInit.o
 .debug_info      0x00e214        0x194 build/default/production/_ext/261199537/MCMLocal.o
 .debug_info      0x00e3a8        0xb53 build/default/production/_ext/1095620897/MPU6050_Async.o
 .debug_info      0x00eefb        0x988 build/default/production/_ext/1095620897/MPU6050_Init.o
 .debug_info      0x00f883        0x802 build/default/production/_ext/1095620897/MPU6050_ISR_INT1.o
 .debug_info      0x010085        0x564 build/default/production/_ext/1095620897/MPU6050_Local.o
 .debug_info      0x0105e9        0x21f build/default/production/_ext/1095620897/MPU6050_Mgmt.o
 .debug_info      0x010808        0x347 build/default/production/_ext/1095620897/MPU6050_Reset.o
 .debug_info      0x010b4f        0x823 build/default/production/_ext/1095620897/MPU6050_Sync.o
 .debug_info      0x011372        0x4cb build/default/production/_ext/261203381/QCMBatteryMgmt.o
 .debug_info      0x01183d        0x50f build/default/production/_ext/261203381/QCMConst.o
 .debug_info      0x011d4c        0x510 build/default/production/_ext/261203381/QCMNormalize.o
 .debug_info      0x01225c        0x7c3 build/default/production/_ext/261203381/QCMPerformStep.o
 .debug_info      0x012a1f        0x5f0 build/default/production/_ext/1099952713/RC.o
 .debug_info      0x01300f       0x1738 build/default/production/_ext/1099952713/RCInit.o
 .debug_info      0x014747        0x5f4 build/default/production/_ext/1099952713/RCLocal.o
 .debug_info      0x014d3b        0xf68 build/default/production/_ext/1099952713/RC_ISR.o
 .debug_info      0x015ca3        0x78d build/default/production/_ext/261206579/TMR.o
 .debug_info      0x016430       0x123f build/default/production/_ext/261206579/TMRInit.o
 .debug_info      0x01766f        0x33e build/default/production/_ext/261206579/TMRLocal.o
 .debug_info      0x0179ad        0x52a build/default/production/_ext/261206579/TMR_ISR.o
 .debug_info      0x017ed7        0x97f build/default/production/_ext/492512300/UART_TX_API.o
 .debug_info      0x018856       0x1242 build/default/production/_ext/492512300/UART_TX_Init.o
 .debug_info      0x019a98        0xc21 build/default/production/_ext/492512300/UART_TX_ISR.o
 .debug_info      0x01a6b9        0x77a build/default/production/_ext/492512300/UART_TX_Local.o
 .debug_info      0x01ae33        0xba6 build/default/production/main.o
 *(.gnu.linkonce.wi.*)

.debug_abbrev     0x000000       0x3912
 *(.debug_abbrev)
 .debug_abbrev    0x000000         0x86 build/default/production/_ext/261188026/ADC.o
 .debug_abbrev    0x000086        0x123 build/default/production/_ext/261188026/ADCInit.o
 .debug_abbrev    0x0001a9        0x103 build/default/production/_ext/261188026/ADCISR.o
 .debug_abbrev    0x0002ac         0x4b build/default/production/_ext/261188026/ADCLocal.o
 .debug_abbrev    0x0002f7        0x13b build/default/production/_ext/261189241/BLI.o
 .debug_abbrev    0x000432         0xf8 build/default/production/_ext/261189241/BLIInit.o
 .debug_abbrev    0x00052a        0x12e build/default/production/_ext/261189241/BLILocal.o
 .debug_abbrev    0x000658        0x123 build/default/production/_ext/261189241/BLIMorse.o
 .debug_abbrev    0x00077b         0x7b build/default/production/_ext/261190851/DBG.o
 .debug_abbrev    0x0007f6        0x10a build/default/production/_ext/261190888/DCM.o
 .debug_abbrev    0x000900         0xbf build/default/production/_ext/261190888/DCMBaseVectors.o
 .debug_abbrev    0x0009bf         0x79 build/default/production/_ext/261190888/DCMConstructors.o
 .debug_abbrev    0x000a38         0x60 build/default/production/_ext/261190888/DCMLocal.o
 .debug_abbrev    0x000a98         0x9f build/default/production/_ext/261190888/DCMMethods.o
 .debug_abbrev    0x000b37        0x1b3 build/default/production/_ext/1219465957/HMCMAG_Async.o
 .debug_abbrev    0x000cea        0x15c build/default/production/_ext/1219465957/HMCMAG_Init.o
 .debug_abbrev    0x000e46         0xe5 build/default/production/_ext/1219465957/HMCMAG_Local.o
 .debug_abbrev    0x000f2b         0xd0 build/default/production/_ext/1219465957/HMCMAG_Mgmt.o
 .debug_abbrev    0x000ffb        0x17f build/default/production/_ext/1219465957/HMCMAG_Sync.o
 .debug_abbrev    0x00117a        0x172 build/default/production/_ext/1219465957/HMCMAG_ISR.o
 .debug_abbrev    0x0012ec        0x193 build/default/production/_ext/261195156/I2C_Async.o
 .debug_abbrev    0x00147f        0x136 build/default/production/_ext/261195156/I2C_Init.o
 .debug_abbrev    0x0015b5        0x139 build/default/production/_ext/261195156/I2C_ISR.o
 .debug_abbrev    0x0016ee         0x7a build/default/production/_ext/261195156/I2C_Local.o
 .debug_abbrev    0x001768         0xca build/default/production/_ext/261195156/I2C_Sync.o
 .debug_abbrev    0x001832        0x15c build/default/production/_ext/261195156/I2C_SyncRead.o
 .debug_abbrev    0x00198e        0x15c build/default/production/_ext/261195156/I2C_SyncWrite.o
 .debug_abbrev    0x001aea         0xa0 build/default/production/_ext/261196011/IMU.o
 .debug_abbrev    0x001b8a         0x97 build/default/production/_ext/261196011/IMUReset.o
 .debug_abbrev    0x001c21         0xda build/default/production/_ext/492825802/Init.o
 .debug_abbrev    0x001cfb         0xaf build/default/production/_ext/261199537/MCM.o
 .debug_abbrev    0x001daa        0x156 build/default/production/_ext/261199537/MCMInit.o
 .debug_abbrev    0x001f00         0x3d build/default/production/_ext/261199537/MCMLocal.o
 .debug_abbrev    0x001f3d        0x18c build/default/production/_ext/1095620897/MPU6050_Async.o
 .debug_abbrev    0x0020c9        0x136 build/default/production/_ext/1095620897/MPU6050_Init.o
 .debug_abbrev    0x0021ff        0x15c build/default/production/_ext/1095620897/MPU6050_ISR_INT1.o
 .debug_abbrev    0x00235b         0x79 build/default/production/_ext/1095620897/MPU6050_Local.o
 .debug_abbrev    0x0023d4         0x74 build/default/production/_ext/1095620897/MPU6050_Mgmt.o
 .debug_abbrev    0x002448         0xac build/default/production/_ext/1095620897/MPU6050_Reset.o
 .debug_abbrev    0x0024f4        0x140 build/default/production/_ext/1095620897/MPU6050_Sync.o
 .debug_abbrev    0x002634         0xa0 build/default/production/_ext/261203381/QCMBatteryMgmt.o
 .debug_abbrev    0x0026d4         0x93 build/default/production/_ext/261203381/QCMConst.o
 .debug_abbrev    0x002767         0xb8 build/default/production/_ext/261203381/QCMNormalize.o
 .debug_abbrev    0x00281f        0x10f build/default/production/_ext/261203381/QCMPerformStep.o
 .debug_abbrev    0x00292e        0x164 build/default/production/_ext/1099952713/RC.o
 .debug_abbrev    0x002a92        0x13d build/default/production/_ext/1099952713/RCInit.o
 .debug_abbrev    0x002bcf         0xe9 build/default/production/_ext/1099952713/RCLocal.o
 .debug_abbrev    0x002cb8        0x19a build/default/production/_ext/1099952713/RC_ISR.o
 .debug_abbrev    0x002e52        0x1fb build/default/production/_ext/261206579/TMR.o
 .debug_abbrev    0x00304d        0x149 build/default/production/_ext/261206579/TMRInit.o
 .debug_abbrev    0x003196         0xd5 build/default/production/_ext/261206579/TMRLocal.o
 .debug_abbrev    0x00326b        0x130 build/default/production/_ext/261206579/TMR_ISR.o
 .debug_abbrev    0x00339b        0x121 build/default/production/_ext/492512300/UART_TX_API.o
 .debug_abbrev    0x0034bc        0x11e build/default/production/_ext/492512300/UART_TX_Init.o
 .debug_abbrev    0x0035da        0x113 build/default/production/_ext/492512300/UART_TX_ISR.o
 .debug_abbrev    0x0036ed         0xc9 build/default/production/_ext/492512300/UART_TX_Local.o
 .debug_abbrev    0x0037b6        0x15c build/default/production/main.o

.debug_line       0x000000       0x7aa1
 *(.debug_line)
 .debug_line      0x000000        0x151 build/default/production/_ext/261188026/ADC.o
 .debug_line      0x000151        0x252 build/default/production/_ext/261188026/ADCInit.o
 .debug_line      0x0003a3        0x141 build/default/production/_ext/261188026/ADCISR.o
 .debug_line      0x0004e4         0x62 build/default/production/_ext/261188026/ADCLocal.o
 .debug_line      0x000546        0x244 build/default/production/_ext/261189241/BLI.o
 .debug_line      0x00078a        0x140 build/default/production/_ext/261189241/BLIInit.o
 .debug_line      0x0008ca        0x151 build/default/production/_ext/261189241/BLILocal.o
 .debug_line      0x000a1b        0x23d build/default/production/_ext/261189241/BLIMorse.o
 .debug_line      0x000c58         0xde build/default/production/_ext/261190851/DBG.o
 .debug_line      0x000d36        0x4da build/default/production/_ext/261190888/DCM.o
 .debug_line      0x001210        0x368 build/default/production/_ext/261190888/DCMBaseVectors.o
 .debug_line      0x001578         0xee build/default/production/_ext/261190888/DCMConstructors.o
 .debug_line      0x001666         0x9c build/default/production/_ext/261190888/DCMLocal.o
 .debug_line      0x001702        0x1b8 build/default/production/_ext/261190888/DCMMethods.o
 .debug_line      0x0018ba        0x3b1 build/default/production/_ext/1219465957/HMCMAG_Async.o
 .debug_line      0x001c6b        0x326 build/default/production/_ext/1219465957/HMCMAG_Init.o
 .debug_line      0x001f91        0x102 build/default/production/_ext/1219465957/HMCMAG_Local.o
 .debug_line      0x002093        0x1e0 build/default/production/_ext/1219465957/HMCMAG_Mgmt.o
 .debug_line      0x002273        0x3d0 build/default/production/_ext/1219465957/HMCMAG_Sync.o
 .debug_line      0x002643        0x31c build/default/production/_ext/1219465957/HMCMAG_ISR.o
 .debug_line      0x00295f        0x288 build/default/production/_ext/261195156/I2C_Async.o
 .debug_line      0x002be7        0x19f build/default/production/_ext/261195156/I2C_Init.o
 .debug_line      0x002d86        0x17a build/default/production/_ext/261195156/I2C_ISR.o
 .debug_line      0x002f00         0xa5 build/default/production/_ext/261195156/I2C_Local.o
 .debug_line      0x002fa5        0x26b build/default/production/_ext/261195156/I2C_Sync.o
 .debug_line      0x003210        0x271 build/default/production/_ext/261195156/I2C_SyncRead.o
 .debug_line      0x003481        0x230 build/default/production/_ext/261195156/I2C_SyncWrite.o
 .debug_line      0x0036b1        0x16d build/default/production/_ext/261196011/IMU.o
 .debug_line      0x00381e        0x232 build/default/production/_ext/261196011/IMUReset.o
 .debug_line      0x003a50        0x168 build/default/production/_ext/492825802/Init.o
 .debug_line      0x003bb8        0x16b build/default/production/_ext/261199537/MCM.o
 .debug_line      0x003d23        0x349 build/default/production/_ext/261199537/MCMInit.o
 .debug_line      0x00406c         0x62 build/default/production/_ext/261199537/MCMLocal.o
 .debug_line      0x0040ce        0x5a1 build/default/production/_ext/1095620897/MPU6050_Async.o
 .debug_line      0x00466f        0x178 build/default/production/_ext/1095620897/MPU6050_Init.o
 .debug_line      0x0047e7        0x3ce build/default/production/_ext/1095620897/MPU6050_ISR_INT1.o
 .debug_line      0x004bb5         0x8a build/default/production/_ext/1095620897/MPU6050_Local.o
 .debug_line      0x004c3f         0xf6 build/default/production/_ext/1095620897/MPU6050_Mgmt.o
 .debug_line      0x004d35        0x24e build/default/production/_ext/1095620897/MPU6050_Reset.o
 .debug_line      0x004f83        0x4ec build/default/production/_ext/1095620897/MPU6050_Sync.o
 .debug_line      0x00546f        0x138 build/default/production/_ext/261203381/QCMBatteryMgmt.o
 .debug_line      0x0055a7         0x89 build/default/production/_ext/261203381/QCMConst.o
 .debug_line      0x005630        0x176 build/default/production/_ext/261203381/QCMNormalize.o
 .debug_line      0x0057a6        0x4be build/default/production/_ext/261203381/QCMPerformStep.o
 .debug_line      0x005c64        0x2a6 build/default/production/_ext/1099952713/RC.o
 .debug_line      0x005f0a        0x1f9 build/default/production/_ext/1099952713/RCInit.o
 .debug_line      0x006103         0xe8 build/default/production/_ext/1099952713/RCLocal.o
 .debug_line      0x0061eb        0x453 build/default/production/_ext/1099952713/RC_ISR.o
 .debug_line      0x00663e        0x2eb build/default/production/_ext/261206579/TMR.o
 .debug_line      0x006929        0x207 build/default/production/_ext/261206579/TMRInit.o
 .debug_line      0x006b30         0xd6 build/default/production/_ext/261206579/TMRLocal.o
 .debug_line      0x006c06        0x159 build/default/production/_ext/261206579/TMR_ISR.o
 .debug_line      0x006d5f        0x19a build/default/production/_ext/492512300/UART_TX_API.o
 .debug_line      0x006ef9        0x275 build/default/production/_ext/492512300/UART_TX_Init.o
 .debug_line      0x00716e        0x14e build/default/production/_ext/492512300/UART_TX_ISR.o
 .debug_line      0x0072bc         0xbe build/default/production/_ext/492512300/UART_TX_Local.o
 .debug_line      0x00737a        0x727 build/default/production/main.o

.debug_frame      0x000000        0xe70
 *(.debug_frame)
 .debug_frame     0x000000         0x64 build/default/production/_ext/261188026/ADC.o
 .debug_frame     0x000064         0x24 build/default/production/_ext/261188026/ADCInit.o
 .debug_frame     0x000088         0x24 build/default/production/_ext/261188026/ADCISR.o
 .debug_frame     0x0000ac         0x74 build/default/production/_ext/261189241/BLI.o
 .debug_frame     0x000120         0x24 build/default/production/_ext/261189241/BLIInit.o
 .debug_frame     0x000144         0x24 build/default/production/_ext/261189241/BLILocal.o
 .debug_frame     0x000168         0x24 build/default/production/_ext/261189241/BLIMorse.o
 .debug_frame     0x00018c         0x24 build/default/production/_ext/261190851/DBG.o
 .debug_frame     0x0001b0        0x104 build/default/production/_ext/261190888/DCM.o
 .debug_frame     0x0002b4        0x104 build/default/production/_ext/261190888/DCMBaseVectors.o
 .debug_frame     0x0003b8         0x34 build/default/production/_ext/261190888/DCMConstructors.o
 .debug_frame     0x0003ec         0x34 build/default/production/_ext/261190888/DCMMethods.o
 .debug_frame     0x000420         0x94 build/default/production/_ext/1219465957/HMCMAG_Async.o
 .debug_frame     0x0004b4         0x44 build/default/production/_ext/1219465957/HMCMAG_Init.o
 .debug_frame     0x0004f8         0x94 build/default/production/_ext/1219465957/HMCMAG_Mgmt.o
 .debug_frame     0x00058c         0x74 build/default/production/_ext/1219465957/HMCMAG_Sync.o
 .debug_frame     0x000600         0x34 build/default/production/_ext/1219465957/HMCMAG_ISR.o
 .debug_frame     0x000634         0x54 build/default/production/_ext/261195156/I2C_Async.o
 .debug_frame     0x000688         0x24 build/default/production/_ext/261195156/I2C_Init.o
 .debug_frame     0x0006ac         0x34 build/default/production/_ext/261195156/I2C_ISR.o
 .debug_frame     0x0006e0         0x24 build/default/production/_ext/261195156/I2C_Local.o
 .debug_frame     0x000704         0x74 build/default/production/_ext/261195156/I2C_Sync.o
 .debug_frame     0x000778         0x24 build/default/production/_ext/261195156/I2C_SyncRead.o
 .debug_frame     0x00079c         0x24 build/default/production/_ext/261195156/I2C_SyncWrite.o
 .debug_frame     0x0007c0         0x34 build/default/production/_ext/261196011/IMU.o
 .debug_frame     0x0007f4         0x24 build/default/production/_ext/261196011/IMUReset.o
 .debug_frame     0x000818         0x24 build/default/production/_ext/492825802/Init.o
 .debug_frame     0x00083c         0x24 build/default/production/_ext/261199537/MCM.o
 .debug_frame     0x000860         0x44 build/default/production/_ext/261199537/MCMInit.o
 .debug_frame     0x0008a4         0xa4 build/default/production/_ext/1095620897/MPU6050_Async.o
 .debug_frame     0x000948         0x24 build/default/production/_ext/1095620897/MPU6050_Init.o
 .debug_frame     0x00096c         0x34 build/default/production/_ext/1095620897/MPU6050_ISR_INT1.o
 .debug_frame     0x0009a0         0x54 build/default/production/_ext/1095620897/MPU6050_Mgmt.o
 .debug_frame     0x0009f4         0x34 build/default/production/_ext/1095620897/MPU6050_Reset.o
 .debug_frame     0x000a28         0x74 build/default/production/_ext/1095620897/MPU6050_Sync.o
 .debug_frame     0x000a9c         0x24 build/default/production/_ext/261203381/QCMBatteryMgmt.o
 .debug_frame     0x000ac0         0x24 build/default/production/_ext/261203381/QCMNormalize.o
 .debug_frame     0x000ae4         0x64 build/default/production/_ext/261203381/QCMPerformStep.o
 .debug_frame     0x000b48         0x54 build/default/production/_ext/1099952713/RC.o
 .debug_frame     0x000b9c         0x24 build/default/production/_ext/1099952713/RCInit.o
 .debug_frame     0x000bc0         0x34 build/default/production/_ext/1099952713/RC_ISR.o
 .debug_frame     0x000bf4         0xc4 build/default/production/_ext/261206579/TMR.o
 .debug_frame     0x000cb8         0x34 build/default/production/_ext/261206579/TMRInit.o
 .debug_frame     0x000cec         0x34 build/default/production/_ext/261206579/TMR_ISR.o
 .debug_frame     0x000d20         0x34 build/default/production/_ext/492512300/UART_TX_API.o
 .debug_frame     0x000d54         0x34 build/default/production/_ext/492512300/UART_TX_Init.o
 .debug_frame     0x000d88         0x24 build/default/production/_ext/492512300/UART_TX_ISR.o
 .debug_frame     0x000dac         0xc4 build/default/production/main.o

.debug_str        0x000000       0x14fe
 *(.debug_str)
 .debug_str       0x000000         0x45 build/default/production/_ext/261188026/ADC.o
 .debug_str       0x000045         0xb8 build/default/production/_ext/261188026/ADCInit.o
 .debug_str       0x0000fd         0x3c build/default/production/_ext/261188026/ADCISR.o
 .debug_str       0x000139         0x4c build/default/production/_ext/261189241/BLI.o
 .debug_str       0x000185         0x30 build/default/production/_ext/261189241/BLIInit.o
 .debug_str       0x0001b5         0x43 build/default/production/_ext/261189241/BLILocal.o
 .debug_str       0x0001f8        0x14b build/default/production/_ext/261189241/BLIMorse.o
 .debug_str       0x000343         0x20 build/default/production/_ext/261190851/DBG.o
 .debug_str       0x000363         0x80 build/default/production/_ext/261190888/DCM.o
 .debug_str       0x0003e3          0xe build/default/production/_ext/261190888/DCMBaseVectors.o
 .debug_str       0x0003f1         0xb6 build/default/production/_ext/1219465957/HMCMAG_Async.o
 .debug_str       0x0004a7         0x6a build/default/production/_ext/1219465957/HMCMAG_Init.o
 .debug_str       0x000511         0x15 build/default/production/_ext/1219465957/HMCMAG_Local.o
 .debug_str       0x000526         0x15 build/default/production/_ext/1219465957/HMCMAG_Mgmt.o
 .debug_str       0x00053b         0x96 build/default/production/_ext/1219465957/HMCMAG_Sync.o
 .debug_str       0x0005d1         0x92 build/default/production/_ext/1219465957/HMCMAG_ISR.o
 .debug_str       0x000663         0x9f build/default/production/_ext/261195156/I2C_Async.o
 .debug_str       0x000702         0x4c build/default/production/_ext/261195156/I2C_Init.o
 .debug_str       0x00074e         0x6c build/default/production/_ext/261195156/I2C_ISR.o
 .debug_str       0x0007ba         0x19 build/default/production/_ext/261195156/I2C_Sync.o
 .debug_str       0x0007d3         0x45 build/default/production/_ext/261195156/I2C_SyncRead.o
 .debug_str       0x000818         0x45 build/default/production/_ext/261195156/I2C_SyncWrite.o
 .debug_str       0x00085d         0x1f build/default/production/_ext/261196011/IMU.o
 .debug_str       0x00087c          0xa build/default/production/_ext/261196011/IMUReset.o
 .debug_str       0x000886         0x21 build/default/production/_ext/492825802/Init.o
 .debug_str       0x0008a7         0x19 build/default/production/_ext/261199537/MCM.o
 .debug_str       0x0008c0         0xf1 build/default/production/_ext/261199537/MCMInit.o
 .debug_str       0x0009b1        0x1c9 build/default/production/_ext/1095620897/MPU6050_Async.o
 .debug_str       0x000b7a         0x46 build/default/production/_ext/1095620897/MPU6050_Init.o
 .debug_str       0x000bc0         0x7d build/default/production/_ext/1095620897/MPU6050_ISR_INT1.o
 .debug_str       0x000c3d         0x15 build/default/production/_ext/1095620897/MPU6050_Reset.o
 .debug_str       0x000c52        0x18b build/default/production/_ext/1095620897/MPU6050_Sync.o
 .debug_str       0x000ddd         0x42 build/default/production/_ext/261203381/QCMBatteryMgmt.o
 .debug_str       0x000e1f         0x42 build/default/production/_ext/261203381/QCMConst.o
 .debug_str       0x000e61         0x53 build/default/production/_ext/261203381/QCMNormalize.o
 .debug_str       0x000eb4         0xab build/default/production/_ext/261203381/QCMPerformStep.o
 .debug_str       0x000f5f         0x9d build/default/production/_ext/1099952713/RC.o
 .debug_str       0x000ffc         0xa6 build/default/production/_ext/1099952713/RCInit.o
 .debug_str       0x0010a2         0x14 build/default/production/_ext/1099952713/RCLocal.o
 .debug_str       0x0010b6         0xfe build/default/production/_ext/1099952713/RC_ISR.o
 .debug_str       0x0011b4         0x6c build/default/production/_ext/261206579/TMR.o
 .debug_str       0x001220         0x8c build/default/production/_ext/261206579/TMRInit.o
 .debug_str       0x0012ac         0x14 build/default/production/_ext/261206579/TMRLocal.o
 .debug_str       0x0012c0         0x4e build/default/production/_ext/261206579/TMR_ISR.o
 .debug_str       0x00130e         0x82 build/default/production/_ext/492512300/UART_TX_API.o
 .debug_str       0x001390         0x7b build/default/production/_ext/492512300/UART_TX_Init.o
 .debug_str       0x00140b         0x94 build/default/production/_ext/492512300/UART_TX_ISR.o
 .debug_str       0x00149f         0x2d build/default/production/_ext/492512300/UART_TX_Local.o
 .debug_str       0x0014cc         0x32 build/default/production/main.o

.debug_loc
 *(.debug_loc)

.debug_macinfo
 *(.debug_macinfo)

.debug_pubnames
                  0x000000       0x171a
 *(.debug_pubnames)
 .debug_pubnames
                  0x000000         0x87 build/default/production/_ext/261188026/ADC.o
 .debug_pubnames
                  0x000087         0x1e build/default/production/_ext/261188026/ADCInit.o
 .debug_pubnames
                  0x0000a5         0x25 build/default/production/_ext/261188026/ADCISR.o
 .debug_pubnames
                  0x0000ca         0xb1 build/default/production/_ext/261188026/ADCLocal.o
 .debug_pubnames
                  0x00017b         0x78 build/default/production/_ext/261189241/BLI.o
 .debug_pubnames
                  0x0001f3         0x1e build/default/production/_ext/261189241/BLIInit.o
 .debug_pubnames
                  0x000211         0x6d build/default/production/_ext/261189241/BLILocal.o
 .debug_pubnames
                  0x00027e        0x1a5 build/default/production/_ext/261189241/BLIMorse.o
 .debug_pubnames
                  0x000423         0x1e build/default/production/_ext/261190851/DBG.o
 .debug_pubnames
                  0x000441         0x44 build/default/production/_ext/261190888/DCM.o
 .debug_pubnames
                  0x000485         0x6a build/default/production/_ext/261190888/DCMBaseVectors.o
 .debug_pubnames
                  0x0004ef         0x35 build/default/production/_ext/261190888/DCMConstructors.o
 .debug_pubnames
                  0x000524         0xc2 build/default/production/_ext/261190888/DCMLocal.o
 .debug_pubnames
                  0x0005e6         0x35 build/default/production/_ext/261190888/DCMMethods.o
 .debug_pubnames
                  0x00061b         0x8a build/default/production/_ext/1219465957/HMCMAG_Async.o
 .debug_pubnames
                  0x0006a5         0x2b build/default/production/_ext/1219465957/HMCMAG_Init.o
 .debug_pubnames
                  0x0006d0        0x119 build/default/production/_ext/1219465957/HMCMAG_Local.o
 .debug_pubnames
                  0x0007e9         0x8c build/default/production/_ext/1219465957/HMCMAG_Mgmt.o
 .debug_pubnames
                  0x000875         0x53 build/default/production/_ext/1219465957/HMCMAG_Sync.o
 .debug_pubnames
                  0x0008c8         0x35 build/default/production/_ext/1219465957/HMCMAG_ISR.o
 .debug_pubnames
                  0x0008fd         0x63 build/default/production/_ext/261195156/I2C_Async.o
 .debug_pubnames
                  0x000960         0x1e build/default/production/_ext/261195156/I2C_Init.o
 .debug_pubnames
                  0x00097e         0x3a build/default/production/_ext/261195156/I2C_ISR.o
 .debug_pubnames
                  0x0009b8         0xa3 build/default/production/_ext/261195156/I2C_Local.o
 .debug_pubnames
                  0x000a5b         0x73 build/default/production/_ext/261195156/I2C_Sync.o
 .debug_pubnames
                  0x000ace         0x22 build/default/production/_ext/261195156/I2C_SyncRead.o
 .debug_pubnames
                  0x000af0         0x23 build/default/production/_ext/261195156/I2C_SyncWrite.o
 .debug_pubnames
                  0x000b13         0x3d build/default/production/_ext/261196011/IMU.o
 .debug_pubnames
                  0x000b50         0x2d build/default/production/_ext/261196011/IMUReset.o
 .debug_pubnames
                  0x000b7d         0x50 build/default/production/_ext/492825802/Init.o
 .debug_pubnames
                  0x000bcd         0x1d build/default/production/_ext/261199537/MCM.o
 .debug_pubnames
                  0x000bea         0x3d build/default/production/_ext/261199537/MCMInit.o
 .debug_pubnames
                  0x000c27         0x52 build/default/production/_ext/261199537/MCMLocal.o
 .debug_pubnames
                  0x000c79         0xbc build/default/production/_ext/1095620897/MPU6050_Async.o
 .debug_pubnames
                  0x000d35         0x1e build/default/production/_ext/1095620897/MPU6050_Init.o
 .debug_pubnames
                  0x000d53         0x36 build/default/production/_ext/1095620897/MPU6050_ISR_INT1.o
 .debug_pubnames
                  0x000d89        0x24c build/default/production/_ext/1095620897/MPU6050_Local.o
 .debug_pubnames
                  0x000fd5         0x4d build/default/production/_ext/1095620897/MPU6050_Mgmt.o
 .debug_pubnames
                  0x001022         0x30 build/default/production/_ext/1095620897/MPU6050_Reset.o
 .debug_pubnames
                  0x001052         0x69 build/default/production/_ext/1095620897/MPU6050_Sync.o
 .debug_pubnames
                  0x0010bb         0x25 build/default/production/_ext/261203381/QCMBatteryMgmt.o
 .debug_pubnames
                  0x0010e0         0xfd build/default/production/_ext/261203381/QCMConst.o
 .debug_pubnames
                  0x0011dd         0x23 build/default/production/_ext/261203381/QCMNormalize.o
 .debug_pubnames
                  0x001200         0x32 build/default/production/_ext/261203381/QCMPerformStep.o
 .debug_pubnames
                  0x001232         0x5e build/default/production/_ext/1099952713/RC.o
 .debug_pubnames
                  0x001290         0x1d build/default/production/_ext/1099952713/RCInit.o
 .debug_pubnames
                  0x0012ad        0x145 build/default/production/_ext/1099952713/RCLocal.o
 .debug_pubnames
                  0x0013f2         0x34 build/default/production/_ext/1099952713/RC_ISR.o
 .debug_pubnames
                  0x001426         0xbf build/default/production/_ext/261206579/TMR.o
 .debug_pubnames
                  0x0014e5         0x31 build/default/production/_ext/261206579/TMRInit.o
 .debug_pubnames
                  0x001516         0x72 build/default/production/_ext/261206579/TMRLocal.o
 .debug_pubnames
                  0x001588         0x36 build/default/production/_ext/261206579/TMR_ISR.o
 .debug_pubnames
                  0x0015be         0x3c build/default/production/_ext/492512300/UART_TX_API.o
 .debug_pubnames
                  0x0015fa         0x21 build/default/production/_ext/492512300/UART_TX_Init.o
 .debug_pubnames
                  0x00161b         0x25 build/default/production/_ext/492512300/UART_TX_ISR.o
 .debug_pubnames
                  0x001640         0x91 build/default/production/_ext/492512300/UART_TX_Local.o
 .debug_pubnames
                  0x0016d1         0x49 build/default/production/main.o

.debug_ranges
 *(.debug_ranges)

.debug_aranges    0x000000        0x480
 *(.debug_aranges)
 .debug_aranges
                  0x000000         0x18 build/default/production/_ext/261188026/ADC.o
 .debug_aranges
                  0x000018         0x18 build/default/production/_ext/261188026/ADCInit.o
 .debug_aranges
                  0x000030         0x18 build/default/production/_ext/261188026/ADCISR.o
 .debug_aranges
                  0x000048         0x18 build/default/production/_ext/261189241/BLI.o
 .debug_aranges
                  0x000060         0x18 build/default/production/_ext/261189241/BLIInit.o
 .debug_aranges
                  0x000078         0x18 build/default/production/_ext/261189241/BLILocal.o
 .debug_aranges
                  0x000090         0x18 build/default/production/_ext/261189241/BLIMorse.o
 .debug_aranges
                  0x0000a8         0x18 build/default/production/_ext/261190851/DBG.o
 .debug_aranges
                  0x0000c0         0x18 build/default/production/_ext/261190888/DCM.o
 .debug_aranges
                  0x0000d8         0x18 build/default/production/_ext/261190888/DCMBaseVectors.o
 .debug_aranges
                  0x0000f0         0x18 build/default/production/_ext/261190888/DCMConstructors.o
 .debug_aranges
                  0x000108         0x18 build/default/production/_ext/261190888/DCMMethods.o
 .debug_aranges
                  0x000120         0x18 build/default/production/_ext/1219465957/HMCMAG_Async.o
 .debug_aranges
                  0x000138         0x18 build/default/production/_ext/1219465957/HMCMAG_Init.o
 .debug_aranges
                  0x000150         0x18 build/default/production/_ext/1219465957/HMCMAG_Mgmt.o
 .debug_aranges
                  0x000168         0x18 build/default/production/_ext/1219465957/HMCMAG_Sync.o
 .debug_aranges
                  0x000180         0x18 build/default/production/_ext/1219465957/HMCMAG_ISR.o
 .debug_aranges
                  0x000198         0x18 build/default/production/_ext/261195156/I2C_Async.o
 .debug_aranges
                  0x0001b0         0x18 build/default/production/_ext/261195156/I2C_Init.o
 .debug_aranges
                  0x0001c8         0x18 build/default/production/_ext/261195156/I2C_ISR.o
 .debug_aranges
                  0x0001e0         0x18 build/default/production/_ext/261195156/I2C_Local.o
 .debug_aranges
                  0x0001f8         0x18 build/default/production/_ext/261195156/I2C_Sync.o
 .debug_aranges
                  0x000210         0x18 build/default/production/_ext/261195156/I2C_SyncRead.o
 .debug_aranges
                  0x000228         0x18 build/default/production/_ext/261195156/I2C_SyncWrite.o
 .debug_aranges
                  0x000240         0x18 build/default/production/_ext/261196011/IMU.o
 .debug_aranges
                  0x000258         0x18 build/default/production/_ext/261196011/IMUReset.o
 .debug_aranges
                  0x000270         0x18 build/default/production/_ext/492825802/Init.o
 .debug_aranges
                  0x000288         0x18 build/default/production/_ext/261199537/MCM.o
 .debug_aranges
                  0x0002a0         0x18 build/default/production/_ext/261199537/MCMInit.o
 .debug_aranges
                  0x0002b8         0x18 build/default/production/_ext/1095620897/MPU6050_Async.o
 .debug_aranges
                  0x0002d0         0x18 build/default/production/_ext/1095620897/MPU6050_Init.o
 .debug_aranges
                  0x0002e8         0x18 build/default/production/_ext/1095620897/MPU6050_ISR_INT1.o
 .debug_aranges
                  0x000300         0x18 build/default/production/_ext/1095620897/MPU6050_Mgmt.o
 .debug_aranges
                  0x000318         0x18 build/default/production/_ext/1095620897/MPU6050_Reset.o
 .debug_aranges
                  0x000330         0x18 build/default/production/_ext/1095620897/MPU6050_Sync.o
 .debug_aranges
                  0x000348         0x18 build/default/production/_ext/261203381/QCMBatteryMgmt.o
 .debug_aranges
                  0x000360         0x18 build/default/production/_ext/261203381/QCMNormalize.o
 .debug_aranges
                  0x000378         0x18 build/default/production/_ext/261203381/QCMPerformStep.o
 .debug_aranges
                  0x000390         0x18 build/default/production/_ext/1099952713/RC.o
 .debug_aranges
                  0x0003a8         0x18 build/default/production/_ext/1099952713/RCInit.o
 .debug_aranges
                  0x0003c0         0x18 build/default/production/_ext/1099952713/RC_ISR.o
 .debug_aranges
                  0x0003d8         0x18 build/default/production/_ext/261206579/TMR.o
 .debug_aranges
                  0x0003f0         0x18 build/default/production/_ext/261206579/TMRInit.o
 .debug_aranges
                  0x000408         0x18 build/default/production/_ext/261206579/TMR_ISR.o
 .debug_aranges
                  0x000420         0x18 build/default/production/_ext/492512300/UART_TX_API.o
 .debug_aranges
                  0x000438         0x18 build/default/production/_ext/492512300/UART_TX_Init.o
 .debug_aranges
                  0x000450         0x18 build/default/production/_ext/492512300/UART_TX_ISR.o
 .debug_aranges
                  0x000468         0x18 build/default/production/main.o

.ivt              0x000004         0xfc
                  0x000004          0x4 LONG 0xc32 DEFINED (__ReservedTrap0)?ABSOLUTE (__ReservedTrap0):ABSOLUTE (__DefaultInterrupt)
                  0x000006          0x4 LONG 0xc32 DEFINED (__OscillatorFail)?ABSOLUTE (__OscillatorFail):ABSOLUTE (__DefaultInterrupt)
                  0x000008          0x4 LONG 0xc32 DEFINED (__AddressError)?ABSOLUTE (__AddressError):ABSOLUTE (__DefaultInterrupt)
                  0x00000a          0x4 LONG 0xc32 DEFINED (__StackError)?ABSOLUTE (__StackError):ABSOLUTE (__DefaultInterrupt)
                  0x00000c          0x4 LONG 0xc32 DEFINED (__MathError)?ABSOLUTE (__MathError):ABSOLUTE (__DefaultInterrupt)
                  0x00000e          0x4 LONG 0xc32 DEFINED (__DMACError)?ABSOLUTE (__DMACError):ABSOLUTE (__DefaultInterrupt)
                  0x000010          0x4 LONG 0xc32 DEFINED (__ReservedTrap6)?ABSOLUTE (__ReservedTrap6):ABSOLUTE (__DefaultInterrupt)
                  0x000012          0x4 LONG 0xc32 DEFINED (__ReservedTrap7)?ABSOLUTE (__ReservedTrap7):ABSOLUTE (__DefaultInterrupt)
                  0x000014          0x4 LONG 0xc32 DEFINED (__INT0Interrupt)?ABSOLUTE (__INT0Interrupt):ABSOLUTE (__DefaultInterrupt)
                  0x000016          0x4 LONG 0xc32 DEFINED (__IC1Interrupt)?ABSOLUTE (__IC1Interrupt):ABSOLUTE (__DefaultInterrupt)
                  0x000018          0x4 LONG 0xc32 DEFINED (__OC1Interrupt)?ABSOLUTE (__OC1Interrupt):ABSOLUTE (__DefaultInterrupt)
                  0x00001a          0x4 LONG 0xb78 DEFINED (__T1Interrupt)?ABSOLUTE (__T1Interrupt):ABSOLUTE (__DefaultInterrupt)
                  0x00001c          0x4 LONG 0xc32 DEFINED (__DMA0Interrupt)?ABSOLUTE (__DMA0Interrupt):ABSOLUTE (__DefaultInterrupt)
                  0x00001e          0x4 LONG 0x338 DEFINED (__IC2Interrupt)?ABSOLUTE (__IC2Interrupt):ABSOLUTE (__DefaultInterrupt)
                  0x000020          0x4 LONG 0xc32 DEFINED (__OC2Interrupt)?ABSOLUTE (__OC2Interrupt):ABSOLUTE (__DefaultInterrupt)
                  0x000022          0x4 LONG 0xc32 DEFINED (__T2Interrupt)?ABSOLUTE (__T2Interrupt):ABSOLUTE (__DefaultInterrupt)
                  0x000024          0x4 LONG 0x7c6 DEFINED (__T3Interrupt)?ABSOLUTE (__T3Interrupt):ABSOLUTE (__DefaultInterrupt)
                  0x000026          0x4 LONG 0xc32 DEFINED (__SPI1ErrInterrupt)?ABSOLUTE (__SPI1ErrInterrupt):ABSOLUTE (__DefaultInterrupt)
                  0x000028          0x4 LONG 0xc32 DEFINED (__SPI1Interrupt)?ABSOLUTE (__SPI1Interrupt):ABSOLUTE (__DefaultInterrupt)
                  0x00002a          0x4 LONG 0xc32 DEFINED (__U1RXInterrupt)?ABSOLUTE (__U1RXInterrupt):ABSOLUTE (__DefaultInterrupt)
                  0x00002c          0x4 LONG 0xbdc DEFINED (__U1TXInterrupt)?ABSOLUTE (__U1TXInterrupt):ABSOLUTE (__DefaultInterrupt)
                  0x00002e          0x4 LONG 0x2a0 DEFINED (__ADC1Interrupt)?ABSOLUTE (__ADC1Interrupt):ABSOLUTE (__DefaultInterrupt)
                  0x000030          0x4 LONG 0xc32 DEFINED (__DMA1Interrupt)?ABSOLUTE (__DMA1Interrupt):ABSOLUTE (__DefaultInterrupt)
                  0x000032          0x4 LONG 0xc32 DEFINED (__Interrupt15)?ABSOLUTE (__Interrupt15):ABSOLUTE (__DefaultInterrupt)
                  0x000034          0x4 LONG 0x560 DEFINED (__SI2C1Interrupt)?ABSOLUTE (__SI2C1Interrupt):ABSOLUTE (__DefaultInterrupt)
                  0x000036          0x4 LONG 0x4dc DEFINED (__MI2C1Interrupt)?ABSOLUTE (__MI2C1Interrupt):ABSOLUTE (__DefaultInterrupt)
                  0x000038          0x4 LONG 0xc32 DEFINED (__CMPInterrupt)?ABSOLUTE (__CMPInterrupt):ABSOLUTE (__DefaultInterrupt)
                  0x00003a          0x4 LONG 0x7f6 DEFINED (__CNInterrupt)?ABSOLUTE (__CNInterrupt):ABSOLUTE (__DefaultInterrupt)
                  0x00003c          0x4 LONG 0x568 DEFINED (__INT1Interrupt)?ABSOLUTE (__INT1Interrupt):ABSOLUTE (__DefaultInterrupt)
                  0x00003e          0x4 LONG 0xc32 DEFINED (__Interrupt21)?ABSOLUTE (__Interrupt21):ABSOLUTE (__DefaultInterrupt)
                  0x000040          0x4 LONG 0xc32 DEFINED (__IC7Interrupt)?ABSOLUTE (__IC7Interrupt):ABSOLUTE (__DefaultInterrupt)
                  0x000042          0x4 LONG 0xc32 DEFINED (__IC8Interrupt)?ABSOLUTE (__IC8Interrupt):ABSOLUTE (__DefaultInterrupt)
                  0x000044          0x4 LONG 0xc32 DEFINED (__DMA2Interrupt)?ABSOLUTE (__DMA2Interrupt):ABSOLUTE (__DefaultInterrupt)
                  0x000046          0x4 LONG 0xc32 DEFINED (__OC3Interrupt)?ABSOLUTE (__OC3Interrupt):ABSOLUTE (__DefaultInterrupt)
                  0x000048          0x4 LONG 0xc32 DEFINED (__OC4Interrupt)?ABSOLUTE (__OC4Interrupt):ABSOLUTE (__DefaultInterrupt)
                  0x00004a          0x4 LONG 0xc32 DEFINED (__T4Interrupt)?ABSOLUTE (__T4Interrupt):ABSOLUTE (__DefaultInterrupt)
                  0x00004c          0x4 LONG 0xc32 DEFINED (__T5Interrupt)?ABSOLUTE (__T5Interrupt):ABSOLUTE (__DefaultInterrupt)
                  0x00004e          0x4 LONG 0xc32 DEFINED (__INT2Interrupt)?ABSOLUTE (__INT2Interrupt):ABSOLUTE (__DefaultInterrupt)
                  0x000050          0x4 LONG 0xc32 DEFINED (__U2RXInterrupt)?ABSOLUTE (__U2RXInterrupt):ABSOLUTE (__DefaultInterrupt)
                  0x000052          0x4 LONG 0xc32 DEFINED (__U2TXInterrupt)?ABSOLUTE (__U2TXInterrupt):ABSOLUTE (__DefaultInterrupt)
                  0x000054          0x4 LONG 0xc32 DEFINED (__SPI2ErrInterrupt)?ABSOLUTE (__SPI2ErrInterrupt):ABSOLUTE (__DefaultInterrupt)
                  0x000056          0x4 LONG 0xc32 DEFINED (__SPI2Interrupt)?ABSOLUTE (__SPI2Interrupt):ABSOLUTE (__DefaultInterrupt)
                  0x000058          0x4 LONG 0xc32 DEFINED (__Interrupt34)?ABSOLUTE (__Interrupt34):ABSOLUTE (__DefaultInterrupt)
                  0x00005a          0x4 LONG 0xc32 DEFINED (__Interrupt35)?ABSOLUTE (__Interrupt35):ABSOLUTE (__DefaultInterrupt)
                  0x00005c          0x4 LONG 0xc32 DEFINED (__DMA3Interrupt)?ABSOLUTE (__DMA3Interrupt):ABSOLUTE (__DefaultInterrupt)
                  0x00005e          0x4 LONG 0xc32 DEFINED (__Interrupt37)?ABSOLUTE (__Interrupt37):ABSOLUTE (__DefaultInterrupt)
                  0x000060          0x4 LONG 0xc32 DEFINED (__Interrupt38)?ABSOLUTE (__Interrupt38):ABSOLUTE (__DefaultInterrupt)
                  0x000062          0x4 LONG 0xc32 DEFINED (__Interrupt39)?ABSOLUTE (__Interrupt39):ABSOLUTE (__DefaultInterrupt)
                  0x000064          0x4 LONG 0xc32 DEFINED (__Interrupt40)?ABSOLUTE (__Interrupt40):ABSOLUTE (__DefaultInterrupt)
                  0x000066          0x4 LONG 0xc32 DEFINED (__Interrupt41)?ABSOLUTE (__Interrupt41):ABSOLUTE (__DefaultInterrupt)
                  0x000068          0x4 LONG 0xc32 DEFINED (__Interrupt42)?ABSOLUTE (__Interrupt42):ABSOLUTE (__DefaultInterrupt)
                  0x00006a          0x4 LONG 0xc32 DEFINED (__Interrupt43)?ABSOLUTE (__Interrupt43):ABSOLUTE (__DefaultInterrupt)
                  0x00006c          0x4 LONG 0xc32 DEFINED (__Interrupt44)?ABSOLUTE (__Interrupt44):ABSOLUTE (__DefaultInterrupt)
                  0x00006e          0x4 LONG 0xc32 DEFINED (__PMPInterrupt)?ABSOLUTE (__PMPInterrupt):ABSOLUTE (__DefaultInterrupt)
                  0x000070          0x4 LONG 0xc32 DEFINED (__DMA4Interrupt)?ABSOLUTE (__DMA4Interrupt):ABSOLUTE (__DefaultInterrupt)
                  0x000072          0x4 LONG 0xc32 DEFINED (__Interrupt47)?ABSOLUTE (__Interrupt47):ABSOLUTE (__DefaultInterrupt)
                  0x000074          0x4 LONG 0xc32 DEFINED (__Interrupt48)?ABSOLUTE (__Interrupt48):ABSOLUTE (__DefaultInterrupt)
                  0x000076          0x4 LONG 0xc32 DEFINED (__Interrupt49)?ABSOLUTE (__Interrupt49):ABSOLUTE (__DefaultInterrupt)
                  0x000078          0x4 LONG 0xc32 DEFINED (__Interrupt50)?ABSOLUTE (__Interrupt50):ABSOLUTE (__DefaultInterrupt)
                  0x00007a          0x4 LONG 0xc32 DEFINED (__Interrupt51)?ABSOLUTE (__Interrupt51):ABSOLUTE (__DefaultInterrupt)
                  0x00007c          0x4 LONG 0xc32 DEFINED (__Interrupt52)?ABSOLUTE (__Interrupt52):ABSOLUTE (__DefaultInterrupt)
                  0x00007e          0x4 LONG 0xc32 DEFINED (__Interrupt53)?ABSOLUTE (__Interrupt53):ABSOLUTE (__DefaultInterrupt)
                  0x000080          0x4 LONG 0xc32 DEFINED (__Interrupt54)?ABSOLUTE (__Interrupt54):ABSOLUTE (__DefaultInterrupt)
                  0x000082          0x4 LONG 0xc32 DEFINED (__Interrupt55)?ABSOLUTE (__Interrupt55):ABSOLUTE (__DefaultInterrupt)
                  0x000084          0x4 LONG 0xc32 DEFINED (__Interrupt56)?ABSOLUTE (__Interrupt56):ABSOLUTE (__DefaultInterrupt)
                  0x000086          0x4 LONG 0xc32 DEFINED (__Interrupt57)?ABSOLUTE (__Interrupt57):ABSOLUTE (__DefaultInterrupt)
                  0x000088          0x4 LONG 0xc32 DEFINED (__Interrupt58)?ABSOLUTE (__Interrupt58):ABSOLUTE (__DefaultInterrupt)
                  0x00008a          0x4 LONG 0xc32 DEFINED (__Interrupt59)?ABSOLUTE (__Interrupt59):ABSOLUTE (__DefaultInterrupt)
                  0x00008c          0x4 LONG 0xc32 DEFINED (__Interrupt60)?ABSOLUTE (__Interrupt60):ABSOLUTE (__DefaultInterrupt)
                  0x00008e          0x4 LONG 0xc32 DEFINED (__DMA5Interrupt)?ABSOLUTE (__DMA5Interrupt):ABSOLUTE (__DefaultInterrupt)
                  0x000090          0x4 LONG 0xbb2 DEFINED (__RTCCInterrupt)?ABSOLUTE (__RTCCInterrupt):ABSOLUTE (__DefaultInterrupt)
                  0x000092          0x4 LONG 0xc32 DEFINED (__Interrupt63)?ABSOLUTE (__Interrupt63):ABSOLUTE (__DefaultInterrupt)
                  0x000094          0x4 LONG 0xc32 DEFINED (__Interrupt64)?ABSOLUTE (__Interrupt64):ABSOLUTE (__DefaultInterrupt)
                  0x000096          0x4 LONG 0xc32 DEFINED (__U1ErrInterrupt)?ABSOLUTE (__U1ErrInterrupt):ABSOLUTE (__DefaultInterrupt)
                  0x000098          0x4 LONG 0xc32 DEFINED (__U2ErrInterrupt)?ABSOLUTE (__U2ErrInterrupt):ABSOLUTE (__DefaultInterrupt)
                  0x00009a          0x4 LONG 0xc32 DEFINED (__CRCInterrupt)?ABSOLUTE (__CRCInterrupt):ABSOLUTE (__DefaultInterrupt)
                  0x00009c          0x4 LONG 0xc32 DEFINED (__DMA6Interrupt)?ABSOLUTE (__DMA6Interrupt):ABSOLUTE (__DefaultInterrupt)
                  0x00009e          0x4 LONG 0xc32 DEFINED (__DMA7Interrupt)?ABSOLUTE (__DMA7Interrupt):ABSOLUTE (__DefaultInterrupt)
                  0x0000a0          0x4 LONG 0xc32 DEFINED (__Interrupt70)?ABSOLUTE (__Interrupt70):ABSOLUTE (__DefaultInterrupt)
                  0x0000a2          0x4 LONG 0xc32 DEFINED (__Interrupt71)?ABSOLUTE (__Interrupt71):ABSOLUTE (__DefaultInterrupt)
                  0x0000a4          0x4 LONG 0xc32 DEFINED (__Interrupt72)?ABSOLUTE (__Interrupt72):ABSOLUTE (__DefaultInterrupt)
                  0x0000a6          0x4 LONG 0xc32 DEFINED (__Interrupt73)?ABSOLUTE (__Interrupt73):ABSOLUTE (__DefaultInterrupt)
                  0x0000a8          0x4 LONG 0xc32 DEFINED (__Interrupt74)?ABSOLUTE (__Interrupt74):ABSOLUTE (__DefaultInterrupt)
                  0x0000aa          0x4 LONG 0xc32 DEFINED (__Interrupt75)?ABSOLUTE (__Interrupt75):ABSOLUTE (__DefaultInterrupt)
                  0x0000ac          0x4 LONG 0xc32 DEFINED (__Interrupt76)?ABSOLUTE (__Interrupt76):ABSOLUTE (__DefaultInterrupt)
                  0x0000ae          0x4 LONG 0xc32 DEFINED (__Interrupt77)?ABSOLUTE (__Interrupt77):ABSOLUTE (__DefaultInterrupt)
                  0x0000b0          0x4 LONG 0xc32 DEFINED (__Interrupt78)?ABSOLUTE (__Interrupt78):ABSOLUTE (__DefaultInterrupt)
                  0x0000b2          0x4 LONG 0xc32 DEFINED (__Interrupt79)?ABSOLUTE (__Interrupt79):ABSOLUTE (__DefaultInterrupt)
                  0x0000b4          0x4 LONG 0xc32 DEFINED (__Interrupt80)?ABSOLUTE (__Interrupt80):ABSOLUTE (__DefaultInterrupt)
                  0x0000b6          0x4 LONG 0xc32 DEFINED (__Interrupt81)?ABSOLUTE (__Interrupt81):ABSOLUTE (__DefaultInterrupt)
                  0x0000b8          0x4 LONG 0xc32 DEFINED (__Interrupt82)?ABSOLUTE (__Interrupt82):ABSOLUTE (__DefaultInterrupt)
                  0x0000ba          0x4 LONG 0xc32 DEFINED (__Interrupt83)?ABSOLUTE (__Interrupt83):ABSOLUTE (__DefaultInterrupt)
                  0x0000bc          0x4 LONG 0xc32 DEFINED (__Interrupt84)?ABSOLUTE (__Interrupt84):ABSOLUTE (__DefaultInterrupt)
                  0x0000be          0x4 LONG 0xc32 DEFINED (__Interrupt85)?ABSOLUTE (__Interrupt85):ABSOLUTE (__DefaultInterrupt)
                  0x0000c0          0x4 LONG 0xc32 DEFINED (__Interrupt86)?ABSOLUTE (__Interrupt86):ABSOLUTE (__DefaultInterrupt)
                  0x0000c2          0x4 LONG 0xc32 DEFINED (__Interrupt87)?ABSOLUTE (__Interrupt87):ABSOLUTE (__DefaultInterrupt)
                  0x0000c4          0x4 LONG 0xc32 DEFINED (__Interrupt88)?ABSOLUTE (__Interrupt88):ABSOLUTE (__DefaultInterrupt)
                  0x0000c6          0x4 LONG 0xc32 DEFINED (__Interrupt89)?ABSOLUTE (__Interrupt89):ABSOLUTE (__DefaultInterrupt)
                  0x0000c8          0x4 LONG 0xc32 DEFINED (__Interrupt90)?ABSOLUTE (__Interrupt90):ABSOLUTE (__DefaultInterrupt)
                  0x0000ca          0x4 LONG 0xc32 DEFINED (__Interrupt91)?ABSOLUTE (__Interrupt91):ABSOLUTE (__DefaultInterrupt)
                  0x0000cc          0x4 LONG 0xc32 DEFINED (__Interrupt92)?ABSOLUTE (__Interrupt92):ABSOLUTE (__DefaultInterrupt)
                  0x0000ce          0x4 LONG 0xc32 DEFINED (__Interrupt93)?ABSOLUTE (__Interrupt93):ABSOLUTE (__DefaultInterrupt)
                  0x0000d0          0x4 LONG 0xc32 DEFINED (__Interrupt94)?ABSOLUTE (__Interrupt94):ABSOLUTE (__DefaultInterrupt)
                  0x0000d2          0x4 LONG 0xc32 DEFINED (__Interrupt95)?ABSOLUTE (__Interrupt95):ABSOLUTE (__DefaultInterrupt)
                  0x0000d4          0x4 LONG 0xc32 DEFINED (__Interrupt96)?ABSOLUTE (__Interrupt96):ABSOLUTE (__DefaultInterrupt)
                  0x0000d6          0x4 LONG 0xc32 DEFINED (__Interrupt97)?ABSOLUTE (__Interrupt97):ABSOLUTE (__DefaultInterrupt)
                  0x0000d8          0x4 LONG 0xc32 DEFINED (__Interrupt98)?ABSOLUTE (__Interrupt98):ABSOLUTE (__DefaultInterrupt)
                  0x0000da          0x4 LONG 0xc32 DEFINED (__Interrupt99)?ABSOLUTE (__Interrupt99):ABSOLUTE (__DefaultInterrupt)
                  0x0000dc          0x4 LONG 0xc32 DEFINED (__Interrupt100)?ABSOLUTE (__Interrupt100):ABSOLUTE (__DefaultInterrupt)
                  0x0000de          0x4 LONG 0xc32 DEFINED (__Interrupt101)?ABSOLUTE (__Interrupt101):ABSOLUTE (__DefaultInterrupt)
                  0x0000e0          0x4 LONG 0xc32 DEFINED (__Interrupt102)?ABSOLUTE (__Interrupt102):ABSOLUTE (__DefaultInterrupt)
                  0x0000e2          0x4 LONG 0xc32 DEFINED (__Interrupt103)?ABSOLUTE (__Interrupt103):ABSOLUTE (__DefaultInterrupt)
                  0x0000e4          0x4 LONG 0xc32 DEFINED (__Interrupt104)?ABSOLUTE (__Interrupt104):ABSOLUTE (__DefaultInterrupt)
                  0x0000e6          0x4 LONG 0xc32 DEFINED (__Interrupt105)?ABSOLUTE (__Interrupt105):ABSOLUTE (__DefaultInterrupt)
                  0x0000e8          0x4 LONG 0xc32 DEFINED (__Interrupt106)?ABSOLUTE (__Interrupt106):ABSOLUTE (__DefaultInterrupt)
                  0x0000ea          0x4 LONG 0xc32 DEFINED (__Interrupt107)?ABSOLUTE (__Interrupt107):ABSOLUTE (__DefaultInterrupt)
                  0x0000ec          0x4 LONG 0xc32 DEFINED (__Interrupt108)?ABSOLUTE (__Interrupt108):ABSOLUTE (__DefaultInterrupt)
                  0x0000ee          0x4 LONG 0xc32 DEFINED (__Interrupt109)?ABSOLUTE (__Interrupt109):ABSOLUTE (__DefaultInterrupt)
                  0x0000f0          0x4 LONG 0xc32 DEFINED (__Interrupt110)?ABSOLUTE (__Interrupt110):ABSOLUTE (__DefaultInterrupt)
                  0x0000f2          0x4 LONG 0xc32 DEFINED (__Interrupt111)?ABSOLUTE (__Interrupt111):ABSOLUTE (__DefaultInterrupt)
                  0x0000f4          0x4 LONG 0xc32 DEFINED (__Interrupt112)?ABSOLUTE (__Interrupt112):ABSOLUTE (__DefaultInterrupt)
                  0x0000f6          0x4 LONG 0xc32 DEFINED (__Interrupt113)?ABSOLUTE (__Interrupt113):ABSOLUTE (__DefaultInterrupt)
                  0x0000f8          0x4 LONG 0xc32 DEFINED (__Interrupt114)?ABSOLUTE (__Interrupt114):ABSOLUTE (__DefaultInterrupt)
                  0x0000fa          0x4 LONG 0xc32 DEFINED (__Interrupt115)?ABSOLUTE (__Interrupt115):ABSOLUTE (__DefaultInterrupt)
                  0x0000fc          0x4 LONG 0xc32 DEFINED (__Interrupt116)?ABSOLUTE (__Interrupt116):ABSOLUTE (__DefaultInterrupt)
                  0x0000fe          0x4 LONG 0xc32 DEFINED (__Interrupt117)?ABSOLUTE (__Interrupt117):ABSOLUTE (__DefaultInterrupt)

.aivt             0x000104         0xfc
                  0x000104          0x4 LONG 0xc32 DEFINED (__AltReservedTrap0)?ABSOLUTE (__AltReservedTrap0):DEFINED (__ReservedTrap0)?ABSOLUTE (__ReservedTrap0):ABSOLUTE (__DefaultInterrupt)
                  0x000106          0x4 LONG 0xc32 DEFINED (__AltOscillatorFail)?ABSOLUTE (__AltOscillatorFail):DEFINED (__OscillatorFail)?ABSOLUTE (__OscillatorFail):ABSOLUTE (__DefaultInterrupt)
                  0x000108          0x4 LONG 0xc32 DEFINED (__AltAddressError)?ABSOLUTE (__AltAddressError):DEFINED (__AddressError)?ABSOLUTE (__AddressError):ABSOLUTE (__DefaultInterrupt)
                  0x00010a          0x4 LONG 0xc32 DEFINED (__AltStackError)?ABSOLUTE (__AltStackError):DEFINED (__StackError)?ABSOLUTE (__StackError):ABSOLUTE (__DefaultInterrupt)
                  0x00010c          0x4 LONG 0xc32 DEFINED (__AltMathError)?ABSOLUTE (__AltMathError):DEFINED (__MathError)?ABSOLUTE (__MathError):ABSOLUTE (__DefaultInterrupt)
                  0x00010e          0x4 LONG 0xc32 DEFINED (__AltDMACError)?ABSOLUTE (__AltDMACError):DEFINED (__DMACError)?ABSOLUTE (__DMACError):ABSOLUTE (__DefaultInterrupt)
                  0x000110          0x4 LONG 0xc32 DEFINED (__AltReservedTrap6)?ABSOLUTE (__AltReservedTrap6):DEFINED (__ReservedTrap6)?ABSOLUTE (__ReservedTrap6):ABSOLUTE (__DefaultInterrupt)
                  0x000112          0x4 LONG 0xc32 DEFINED (__AltReservedTrap7)?ABSOLUTE (__AltReservedTrap7):DEFINED (__ReservedTrap7)?ABSOLUTE (__ReservedTrap7):ABSOLUTE (__DefaultInterrupt)
                  0x000114          0x4 LONG 0xc32 DEFINED (__AltINT0Interrupt)?ABSOLUTE (__AltINT0Interrupt):DEFINED (__INT0Interrupt)?ABSOLUTE (__INT0Interrupt):ABSOLUTE (__DefaultInterrupt)
                  0x000116          0x4 LONG 0xc32 DEFINED (__AltIC1Interrupt)?ABSOLUTE (__AltIC1Interrupt):DEFINED (__IC1Interrupt)?ABSOLUTE (__IC1Interrupt):ABSOLUTE (__DefaultInterrupt)
                  0x000118          0x4 LONG 0xc32 DEFINED (__AltOC1Interrupt)?ABSOLUTE (__AltOC1Interrupt):DEFINED (__OC1Interrupt)?ABSOLUTE (__OC1Interrupt):ABSOLUTE (__DefaultInterrupt)
                  0x00011a          0x4 LONG 0xb78 DEFINED (__AltT1Interrupt)?ABSOLUTE (__AltT1Interrupt):DEFINED (__T1Interrupt)?ABSOLUTE (__T1Interrupt):ABSOLUTE (__DefaultInterrupt)
                  0x00011c          0x4 LONG 0xc32 DEFINED (__AltDMA0Interrupt)?ABSOLUTE (__AltDMA0Interrupt):DEFINED (__DMA0Interrupt)?ABSOLUTE (__DMA0Interrupt):ABSOLUTE (__DefaultInterrupt)
                  0x00011e          0x4 LONG 0x338 DEFINED (__AltIC2Interrupt)?ABSOLUTE (__AltIC2Interrupt):DEFINED (__IC2Interrupt)?ABSOLUTE (__IC2Interrupt):ABSOLUTE (__DefaultInterrupt)
                  0x000120          0x4 LONG 0xc32 DEFINED (__AltOC2Interrupt)?ABSOLUTE (__AltOC2Interrupt):DEFINED (__OC2Interrupt)?ABSOLUTE (__OC2Interrupt):ABSOLUTE (__DefaultInterrupt)
                  0x000122          0x4 LONG 0xc32 DEFINED (__AltT2Interrupt)?ABSOLUTE (__AltT2Interrupt):DEFINED (__T2Interrupt)?ABSOLUTE (__T2Interrupt):ABSOLUTE (__DefaultInterrupt)
                  0x000124          0x4 LONG 0x7c6 DEFINED (__AltT3Interrupt)?ABSOLUTE (__AltT3Interrupt):DEFINED (__T3Interrupt)?ABSOLUTE (__T3Interrupt):ABSOLUTE (__DefaultInterrupt)
                  0x000126          0x4 LONG 0xc32 DEFINED (__AltSPI1ErrInterrupt)?ABSOLUTE (__AltSPI1ErrInterrupt):DEFINED (__SPI1ErrInterrupt)?ABSOLUTE (__SPI1ErrInterrupt):ABSOLUTE (__DefaultInterrupt)
                  0x000128          0x4 LONG 0xc32 DEFINED (__AltSPI1Interrupt)?ABSOLUTE (__AltSPI1Interrupt):DEFINED (__SPI1Interrupt)?ABSOLUTE (__SPI1Interrupt):ABSOLUTE (__DefaultInterrupt)
                  0x00012a          0x4 LONG 0xc32 DEFINED (__AltU1RXInterrupt)?ABSOLUTE (__AltU1RXInterrupt):DEFINED (__U1RXInterrupt)?ABSOLUTE (__U1RXInterrupt):ABSOLUTE (__DefaultInterrupt)
                  0x00012c          0x4 LONG 0xbdc DEFINED (__AltU1TXInterrupt)?ABSOLUTE (__AltU1TXInterrupt):DEFINED (__U1TXInterrupt)?ABSOLUTE (__U1TXInterrupt):ABSOLUTE (__DefaultInterrupt)
                  0x00012e          0x4 LONG 0x2a0 DEFINED (__AltADC1Interrupt)?ABSOLUTE (__AltADC1Interrupt):DEFINED (__ADC1Interrupt)?ABSOLUTE (__ADC1Interrupt):ABSOLUTE (__DefaultInterrupt)
                  0x000130          0x4 LONG 0xc32 DEFINED (__AltDMA1Interrupt)?ABSOLUTE (__AltDMA1Interrupt):DEFINED (__DMA1Interrupt)?ABSOLUTE (__DMA1Interrupt):ABSOLUTE (__DefaultInterrupt)
                  0x000132          0x4 LONG 0xc32 DEFINED (__AltInterrupt15)?ABSOLUTE (__AltInterrupt15):DEFINED (__Interrupt15)?ABSOLUTE (__Interrupt15):ABSOLUTE (__DefaultInterrupt)
                  0x000134          0x4 LONG 0x560 DEFINED (__AltSI2C1Interrupt)?ABSOLUTE (__AltSI2C1Interrupt):DEFINED (__SI2C1Interrupt)?ABSOLUTE (__SI2C1Interrupt):ABSOLUTE (__DefaultInterrupt)
                  0x000136          0x4 LONG 0x4dc DEFINED (__AltMI2C1Interrupt)?ABSOLUTE (__AltMI2C1Interrupt):DEFINED (__MI2C1Interrupt)?ABSOLUTE (__MI2C1Interrupt):ABSOLUTE (__DefaultInterrupt)
                  0x000138          0x4 LONG 0xc32 DEFINED (__AltCMPInterrupt)?ABSOLUTE (__AltCMPInterrupt):DEFINED (__CMPInterrupt)?ABSOLUTE (__CMPInterrupt):ABSOLUTE (__DefaultInterrupt)
                  0x00013a          0x4 LONG 0x7f6 DEFINED (__AltCNInterrupt)?ABSOLUTE (__AltCNInterrupt):DEFINED (__CNInterrupt)?ABSOLUTE (__CNInterrupt):ABSOLUTE (__DefaultInterrupt)
                  0x00013c          0x4 LONG 0x568 DEFINED (__AltINT1Interrupt)?ABSOLUTE (__AltINT1Interrupt):DEFINED (__INT1Interrupt)?ABSOLUTE (__INT1Interrupt):ABSOLUTE (__DefaultInterrupt)
                  0x00013e          0x4 LONG 0xc32 DEFINED (__AltInterrupt21)?ABSOLUTE (__AltInterrupt21):DEFINED (__Interrupt21)?ABSOLUTE (__Interrupt21):ABSOLUTE (__DefaultInterrupt)
                  0x000140          0x4 LONG 0xc32 DEFINED (__AltIC7Interrupt)?ABSOLUTE (__AltIC7Interrupt):DEFINED (__IC7Interrupt)?ABSOLUTE (__IC7Interrupt):ABSOLUTE (__DefaultInterrupt)
                  0x000142          0x4 LONG 0xc32 DEFINED (__AltIC8Interrupt)?ABSOLUTE (__AltIC8Interrupt):DEFINED (__IC8Interrupt)?ABSOLUTE (__IC8Interrupt):ABSOLUTE (__DefaultInterrupt)
                  0x000144          0x4 LONG 0xc32 DEFINED (__AltDMA2Interrupt)?ABSOLUTE (__AltDMA2Interrupt):DEFINED (__DMA2Interrupt)?ABSOLUTE (__DMA2Interrupt):ABSOLUTE (__DefaultInterrupt)
                  0x000146          0x4 LONG 0xc32 DEFINED (__AltOC3Interrupt)?ABSOLUTE (__AltOC3Interrupt):DEFINED (__OC3Interrupt)?ABSOLUTE (__OC3Interrupt):ABSOLUTE (__DefaultInterrupt)
                  0x000148          0x4 LONG 0xc32 DEFINED (__AltOC4Interrupt)?ABSOLUTE (__AltOC4Interrupt):DEFINED (__OC4Interrupt)?ABSOLUTE (__OC4Interrupt):ABSOLUTE (__DefaultInterrupt)
                  0x00014a          0x4 LONG 0xc32 DEFINED (__AltT4Interrupt)?ABSOLUTE (__AltT4Interrupt):DEFINED (__T4Interrupt)?ABSOLUTE (__T4Interrupt):ABSOLUTE (__DefaultInterrupt)
                  0x00014c          0x4 LONG 0xc32 DEFINED (__AltT5Interrupt)?ABSOLUTE (__AltT5Interrupt):DEFINED (__T5Interrupt)?ABSOLUTE (__T5Interrupt):ABSOLUTE (__DefaultInterrupt)
                  0x00014e          0x4 LONG 0xc32 DEFINED (__AltINT2Interrupt)?ABSOLUTE (__AltINT2Interrupt):DEFINED (__INT2Interrupt)?ABSOLUTE (__INT2Interrupt):ABSOLUTE (__DefaultInterrupt)
                  0x000150          0x4 LONG 0xc32 DEFINED (__AltU2RXInterrupt)?ABSOLUTE (__AltU2RXInterrupt):DEFINED (__U2RXInterrupt)?ABSOLUTE (__U2RXInterrupt):ABSOLUTE (__DefaultInterrupt)
                  0x000152          0x4 LONG 0xc32 DEFINED (__AltU2TXInterrupt)?ABSOLUTE (__AltU2TXInterrupt):DEFINED (__U2TXInterrupt)?ABSOLUTE (__U2TXInterrupt):ABSOLUTE (__DefaultInterrupt)
                  0x000154          0x4 LONG 0xc32 DEFINED (__AltSPI2ErrInterrupt)?ABSOLUTE (__AltSPI2ErrInterrupt):DEFINED (__SPI2ErrInterrupt)?ABSOLUTE (__SPI2ErrInterrupt):ABSOLUTE (__DefaultInterrupt)
                  0x000156          0x4 LONG 0xc32 DEFINED (__AltSPI2Interrupt)?ABSOLUTE (__AltSPI2Interrupt):DEFINED (__SPI2Interrupt)?ABSOLUTE (__SPI2Interrupt):ABSOLUTE (__DefaultInterrupt)
                  0x000158          0x4 LONG 0xc32 DEFINED (__AltInterrupt34)?ABSOLUTE (__AltInterrupt34):DEFINED (__Interrupt34)?ABSOLUTE (__Interrupt34):ABSOLUTE (__DefaultInterrupt)
                  0x00015a          0x4 LONG 0xc32 DEFINED (__AltInterrupt35)?ABSOLUTE (__AltInterrupt35):DEFINED (__Interrupt35)?ABSOLUTE (__Interrupt35):ABSOLUTE (__DefaultInterrupt)
                  0x00015c          0x4 LONG 0xc32 DEFINED (__AltDMA3Interrupt)?ABSOLUTE (__AltDMA3Interrupt):DEFINED (__DMA3Interrupt)?ABSOLUTE (__DMA3Interrupt):ABSOLUTE (__DefaultInterrupt)
                  0x00015e          0x4 LONG 0xc32 DEFINED (__AltInterrupt37)?ABSOLUTE (__AltInterrupt37):DEFINED (__Interrupt37)?ABSOLUTE (__Interrupt37):ABSOLUTE (__DefaultInterrupt)
                  0x000160          0x4 LONG 0xc32 DEFINED (__AltInterrupt38)?ABSOLUTE (__AltInterrupt38):DEFINED (__Interrupt38)?ABSOLUTE (__Interrupt38):ABSOLUTE (__DefaultInterrupt)
                  0x000162          0x4 LONG 0xc32 DEFINED (__AltInterrupt39)?ABSOLUTE (__AltInterrupt39):DEFINED (__Interrupt39)?ABSOLUTE (__Interrupt39):ABSOLUTE (__DefaultInterrupt)
                  0x000164          0x4 LONG 0xc32 DEFINED (__AltInterrupt40)?ABSOLUTE (__AltInterrupt40):DEFINED (__Interrupt40)?ABSOLUTE (__Interrupt40):ABSOLUTE (__DefaultInterrupt)
                  0x000166          0x4 LONG 0xc32 DEFINED (__AltInterrupt41)?ABSOLUTE (__AltInterrupt41):DEFINED (__Interrupt41)?ABSOLUTE (__Interrupt41):ABSOLUTE (__DefaultInterrupt)
                  0x000168          0x4 LONG 0xc32 DEFINED (__AltInterrupt42)?ABSOLUTE (__AltInterrupt42):DEFINED (__Interrupt42)?ABSOLUTE (__Interrupt42):ABSOLUTE (__DefaultInterrupt)
                  0x00016a          0x4 LONG 0xc32 DEFINED (__AltInterrupt43)?ABSOLUTE (__AltInterrupt43):DEFINED (__Interrupt43)?ABSOLUTE (__Interrupt43):ABSOLUTE (__DefaultInterrupt)
                  0x00016c          0x4 LONG 0xc32 DEFINED (__AltInterrupt44)?ABSOLUTE (__AltInterrupt44):DEFINED (__Interrupt44)?ABSOLUTE (__Interrupt44):ABSOLUTE (__DefaultInterrupt)
                  0x00016e          0x4 LONG 0xc32 DEFINED (__AltPMPInterrupt)?ABSOLUTE (__AltPMPInterrupt):DEFINED (__PMPInterrupt)?ABSOLUTE (__PMPInterrupt):ABSOLUTE (__DefaultInterrupt)
                  0x000170          0x4 LONG 0xc32 DEFINED (__AltDMA4Interrupt)?ABSOLUTE (__AltDMA4Interrupt):DEFINED (__DMA4Interrupt)?ABSOLUTE (__DMA4Interrupt):ABSOLUTE (__DefaultInterrupt)
                  0x000172          0x4 LONG 0xc32 DEFINED (__AltInterrupt47)?ABSOLUTE (__AltInterrupt47):DEFINED (__Interrupt47)?ABSOLUTE (__Interrupt47):ABSOLUTE (__DefaultInterrupt)
                  0x000174          0x4 LONG 0xc32 DEFINED (__AltInterrupt48)?ABSOLUTE (__AltInterrupt48):DEFINED (__Interrupt48)?ABSOLUTE (__Interrupt48):ABSOLUTE (__DefaultInterrupt)
                  0x000176          0x4 LONG 0xc32 DEFINED (__AltInterrupt49)?ABSOLUTE (__AltInterrupt49):DEFINED (__Interrupt49)?ABSOLUTE (__Interrupt49):ABSOLUTE (__DefaultInterrupt)
                  0x000178          0x4 LONG 0xc32 DEFINED (__AltInterrupt50)?ABSOLUTE (__AltInterrupt50):DEFINED (__Interrupt50)?ABSOLUTE (__Interrupt50):ABSOLUTE (__DefaultInterrupt)
                  0x00017a          0x4 LONG 0xc32 DEFINED (__AltInterrupt51)?ABSOLUTE (__AltInterrupt51):DEFINED (__Interrupt51)?ABSOLUTE (__Interrupt51):ABSOLUTE (__DefaultInterrupt)
                  0x00017c          0x4 LONG 0xc32 DEFINED (__AltInterrupt52)?ABSOLUTE (__AltInterrupt52):DEFINED (__Interrupt52)?ABSOLUTE (__Interrupt52):ABSOLUTE (__DefaultInterrupt)
                  0x00017e          0x4 LONG 0xc32 DEFINED (__AltInterrupt53)?ABSOLUTE (__AltInterrupt53):DEFINED (__Interrupt53)?ABSOLUTE (__Interrupt53):ABSOLUTE (__DefaultInterrupt)
                  0x000180          0x4 LONG 0xc32 DEFINED (__AltInterrupt54)?ABSOLUTE (__AltInterrupt54):DEFINED (__Interrupt54)?ABSOLUTE (__Interrupt54):ABSOLUTE (__DefaultInterrupt)
                  0x000182          0x4 LONG 0xc32 DEFINED (__AltInterrupt55)?ABSOLUTE (__AltInterrupt55):DEFINED (__Interrupt55)?ABSOLUTE (__Interrupt55):ABSOLUTE (__DefaultInterrupt)
                  0x000184          0x4 LONG 0xc32 DEFINED (__AltInterrupt56)?ABSOLUTE (__AltInterrupt56):DEFINED (__Interrupt56)?ABSOLUTE (__Interrupt56):ABSOLUTE (__DefaultInterrupt)
                  0x000186          0x4 LONG 0xc32 DEFINED (__AltInterrupt57)?ABSOLUTE (__AltInterrupt57):DEFINED (__Interrupt57)?ABSOLUTE (__Interrupt57):ABSOLUTE (__DefaultInterrupt)
                  0x000188          0x4 LONG 0xc32 DEFINED (__AltInterrupt58)?ABSOLUTE (__AltInterrupt58):DEFINED (__Interrupt58)?ABSOLUTE (__Interrupt58):ABSOLUTE (__DefaultInterrupt)
                  0x00018a          0x4 LONG 0xc32 DEFINED (__AltInterrupt59)?ABSOLUTE (__AltInterrupt59):DEFINED (__Interrupt59)?ABSOLUTE (__Interrupt59):ABSOLUTE (__DefaultInterrupt)
                  0x00018c          0x4 LONG 0xc32 DEFINED (__AltInterrupt60)?ABSOLUTE (__AltInterrupt60):DEFINED (__Interrupt60)?ABSOLUTE (__Interrupt60):ABSOLUTE (__DefaultInterrupt)
                  0x00018e          0x4 LONG 0xc32 DEFINED (__AltDMA5Interrupt)?ABSOLUTE (__AltDMA5Interrupt):DEFINED (__DMA5Interrupt)?ABSOLUTE (__DMA5Interrupt):ABSOLUTE (__DefaultInterrupt)
                  0x000190          0x4 LONG 0xbb2 DEFINED (__AltRTCCInterrupt)?ABSOLUTE (__AltRTCCInterrupt):DEFINED (__RTCCInterrupt)?ABSOLUTE (__RTCCInterrupt):ABSOLUTE (__DefaultInterrupt)
                  0x000192          0x4 LONG 0xc32 DEFINED (__AltInterrupt63)?ABSOLUTE (__AltInterrupt63):DEFINED (__Interrupt63)?ABSOLUTE (__Interrupt63):ABSOLUTE (__DefaultInterrupt)
                  0x000194          0x4 LONG 0xc32 DEFINED (__AltInterrupt64)?ABSOLUTE (__AltInterrupt64):DEFINED (__Interrupt64)?ABSOLUTE (__Interrupt64):ABSOLUTE (__DefaultInterrupt)
                  0x000196          0x4 LONG 0xc32 DEFINED (__AltU1ErrInterrupt)?ABSOLUTE (__AltU1ErrInterrupt):DEFINED (__U1ErrInterrupt)?ABSOLUTE (__U1ErrInterrupt):ABSOLUTE (__DefaultInterrupt)
                  0x000198          0x4 LONG 0xc32 DEFINED (__AltU2ErrInterrupt)?ABSOLUTE (__AltU2ErrInterrupt):DEFINED (__U2ErrInterrupt)?ABSOLUTE (__U2ErrInterrupt):ABSOLUTE (__DefaultInterrupt)
                  0x00019a          0x4 LONG 0xc32 DEFINED (__AltCRCInterrupt)?ABSOLUTE (__AltCRCInterrupt):DEFINED (__CRCInterrupt)?ABSOLUTE (__CRCInterrupt):ABSOLUTE (__DefaultInterrupt)
                  0x00019c          0x4 LONG 0xc32 DEFINED (__AltDMA6Interrupt)?ABSOLUTE (__AltDMA6Interrupt):DEFINED (__DMA6Interrupt)?ABSOLUTE (__DMA6Interrupt):ABSOLUTE (__DefaultInterrupt)
                  0x00019e          0x4 LONG 0xc32 DEFINED (__AltDMA7Interrupt)?ABSOLUTE (__AltDMA7Interrupt):DEFINED (__DMA7Interrupt)?ABSOLUTE (__DMA7Interrupt):ABSOLUTE (__DefaultInterrupt)
                  0x0001a0          0x4 LONG 0xc32 DEFINED (__AltInterrupt70)?ABSOLUTE (__AltInterrupt70):DEFINED (__Interrupt70)?ABSOLUTE (__Interrupt70):ABSOLUTE (__DefaultInterrupt)
                  0x0001a2          0x4 LONG 0xc32 DEFINED (__AltInterrupt71)?ABSOLUTE (__AltInterrupt71):DEFINED (__Interrupt71)?ABSOLUTE (__Interrupt71):ABSOLUTE (__DefaultInterrupt)
                  0x0001a4          0x4 LONG 0xc32 DEFINED (__AltInterrupt72)?ABSOLUTE (__AltInterrupt72):DEFINED (__Interrupt72)?ABSOLUTE (__Interrupt72):ABSOLUTE (__DefaultInterrupt)
                  0x0001a6          0x4 LONG 0xc32 DEFINED (__AltInterrupt73)?ABSOLUTE (__AltInterrupt73):DEFINED (__Interrupt73)?ABSOLUTE (__Interrupt73):ABSOLUTE (__DefaultInterrupt)
                  0x0001a8          0x4 LONG 0xc32 DEFINED (__AltInterrupt74)?ABSOLUTE (__AltInterrupt74):DEFINED (__Interrupt74)?ABSOLUTE (__Interrupt74):ABSOLUTE (__DefaultInterrupt)
                  0x0001aa          0x4 LONG 0xc32 DEFINED (__AltInterrupt75)?ABSOLUTE (__AltInterrupt75):DEFINED (__Interrupt75)?ABSOLUTE (__Interrupt75):ABSOLUTE (__DefaultInterrupt)
                  0x0001ac          0x4 LONG 0xc32 DEFINED (__AltInterrupt76)?ABSOLUTE (__AltInterrupt76):DEFINED (__Interrupt76)?ABSOLUTE (__Interrupt76):ABSOLUTE (__DefaultInterrupt)
                  0x0001ae          0x4 LONG 0xc32 DEFINED (__AltInterrupt77)?ABSOLUTE (__AltInterrupt77):DEFINED (__Interrupt77)?ABSOLUTE (__Interrupt77):ABSOLUTE (__DefaultInterrupt)
                  0x0001b0          0x4 LONG 0xc32 DEFINED (__AltInterrupt78)?ABSOLUTE (__AltInterrupt78):DEFINED (__Interrupt78)?ABSOLUTE (__Interrupt78):ABSOLUTE (__DefaultInterrupt)
                  0x0001b2          0x4 LONG 0xc32 DEFINED (__AltInterrupt79)?ABSOLUTE (__AltInterrupt79):DEFINED (__Interrupt79)?ABSOLUTE (__Interrupt79):ABSOLUTE (__DefaultInterrupt)
                  0x0001b4          0x4 LONG 0xc32 DEFINED (__AltInterrupt80)?ABSOLUTE (__AltInterrupt80):DEFINED (__Interrupt80)?ABSOLUTE (__Interrupt80):ABSOLUTE (__DefaultInterrupt)
                  0x0001b6          0x4 LONG 0xc32 DEFINED (__AltInterrupt81)?ABSOLUTE (__AltInterrupt81):DEFINED (__Interrupt81)?ABSOLUTE (__Interrupt81):ABSOLUTE (__DefaultInterrupt)
                  0x0001b8          0x4 LONG 0xc32 DEFINED (__AltInterrupt82)?ABSOLUTE (__AltInterrupt82):DEFINED (__Interrupt82)?ABSOLUTE (__Interrupt82):ABSOLUTE (__DefaultInterrupt)
                  0x0001ba          0x4 LONG 0xc32 DEFINED (__AltInterrupt83)?ABSOLUTE (__AltInterrupt83):DEFINED (__Interrupt83)?ABSOLUTE (__Interrupt83):ABSOLUTE (__DefaultInterrupt)
                  0x0001bc          0x4 LONG 0xc32 DEFINED (__AltInterrupt84)?ABSOLUTE (__AltInterrupt84):DEFINED (__Interrupt84)?ABSOLUTE (__Interrupt84):ABSOLUTE (__DefaultInterrupt)
                  0x0001be          0x4 LONG 0xc32 DEFINED (__AltInterrupt85)?ABSOLUTE (__AltInterrupt85):DEFINED (__Interrupt85)?ABSOLUTE (__Interrupt85):ABSOLUTE (__DefaultInterrupt)
                  0x0001c0          0x4 LONG 0xc32 DEFINED (__AltInterrupt86)?ABSOLUTE (__AltInterrupt86):DEFINED (__Interrupt86)?ABSOLUTE (__Interrupt86):ABSOLUTE (__DefaultInterrupt)
                  0x0001c2          0x4 LONG 0xc32 DEFINED (__AltInterrupt87)?ABSOLUTE (__AltInterrupt87):DEFINED (__Interrupt87)?ABSOLUTE (__Interrupt87):ABSOLUTE (__DefaultInterrupt)
                  0x0001c4          0x4 LONG 0xc32 DEFINED (__AltInterrupt88)?ABSOLUTE (__AltInterrupt88):DEFINED (__Interrupt88)?ABSOLUTE (__Interrupt88):ABSOLUTE (__DefaultInterrupt)
                  0x0001c6          0x4 LONG 0xc32 DEFINED (__AltInterrupt89)?ABSOLUTE (__AltInterrupt89):DEFINED (__Interrupt89)?ABSOLUTE (__Interrupt89):ABSOLUTE (__DefaultInterrupt)
                  0x0001c8          0x4 LONG 0xc32 DEFINED (__AltInterrupt90)?ABSOLUTE (__AltInterrupt90):DEFINED (__Interrupt90)?ABSOLUTE (__Interrupt90):ABSOLUTE (__DefaultInterrupt)
                  0x0001ca          0x4 LONG 0xc32 DEFINED (__AltInterrupt91)?ABSOLUTE (__AltInterrupt91):DEFINED (__Interrupt91)?ABSOLUTE (__Interrupt91):ABSOLUTE (__DefaultInterrupt)
                  0x0001cc          0x4 LONG 0xc32 DEFINED (__AltInterrupt92)?ABSOLUTE (__AltInterrupt92):DEFINED (__Interrupt92)?ABSOLUTE (__Interrupt92):ABSOLUTE (__DefaultInterrupt)
                  0x0001ce          0x4 LONG 0xc32 DEFINED (__AltInterrupt93)?ABSOLUTE (__AltInterrupt93):DEFINED (__Interrupt93)?ABSOLUTE (__Interrupt93):ABSOLUTE (__DefaultInterrupt)
                  0x0001d0          0x4 LONG 0xc32 DEFINED (__AltInterrupt94)?ABSOLUTE (__AltInterrupt94):DEFINED (__Interrupt94)?ABSOLUTE (__Interrupt94):ABSOLUTE (__DefaultInterrupt)
                  0x0001d2          0x4 LONG 0xc32 DEFINED (__AltInterrupt95)?ABSOLUTE (__AltInterrupt95):DEFINED (__Interrupt95)?ABSOLUTE (__Interrupt95):ABSOLUTE (__DefaultInterrupt)
                  0x0001d4          0x4 LONG 0xc32 DEFINED (__AltInterrupt96)?ABSOLUTE (__AltInterrupt96):DEFINED (__Interrupt96)?ABSOLUTE (__Interrupt96):ABSOLUTE (__DefaultInterrupt)
                  0x0001d6          0x4 LONG 0xc32 DEFINED (__AltInterrupt97)?ABSOLUTE (__AltInterrupt97):DEFINED (__Interrupt97)?ABSOLUTE (__Interrupt97):ABSOLUTE (__DefaultInterrupt)
                  0x0001d8          0x4 LONG 0xc32 DEFINED (__AltInterrupt98)?ABSOLUTE (__AltInterrupt98):DEFINED (__Interrupt98)?ABSOLUTE (__Interrupt98):ABSOLUTE (__DefaultInterrupt)
                  0x0001da          0x4 LONG 0xc32 DEFINED (__AltInterrupt99)?ABSOLUTE (__AltInterrupt99):DEFINED (__Interrupt99)?ABSOLUTE (__Interrupt99):ABSOLUTE (__DefaultInterrupt)
                  0x0001dc          0x4 LONG 0xc32 DEFINED (__AltInterrupt100)?ABSOLUTE (__AltInterrupt100):DEFINED (__Interrupt100)?ABSOLUTE (__Interrupt100):ABSOLUTE (__DefaultInterrupt)
                  0x0001de          0x4 LONG 0xc32 DEFINED (__AltInterrupt101)?ABSOLUTE (__AltInterrupt101):DEFINED (__Interrupt101)?ABSOLUTE (__Interrupt101):ABSOLUTE (__DefaultInterrupt)
                  0x0001e0          0x4 LONG 0xc32 DEFINED (__AltInterrupt102)?ABSOLUTE (__AltInterrupt102):DEFINED (__Interrupt102)?ABSOLUTE (__Interrupt102):ABSOLUTE (__DefaultInterrupt)
                  0x0001e2          0x4 LONG 0xc32 DEFINED (__AltInterrupt103)?ABSOLUTE (__AltInterrupt103):DEFINED (__Interrupt103)?ABSOLUTE (__Interrupt103):ABSOLUTE (__DefaultInterrupt)
                  0x0001e4          0x4 LONG 0xc32 DEFINED (__AltInterrupt104)?ABSOLUTE (__AltInterrupt104):DEFINED (__Interrupt104)?ABSOLUTE (__Interrupt104):ABSOLUTE (__DefaultInterrupt)
                  0x0001e6          0x4 LONG 0xc32 DEFINED (__AltInterrupt105)?ABSOLUTE (__AltInterrupt105):DEFINED (__Interrupt105)?ABSOLUTE (__Interrupt105):ABSOLUTE (__DefaultInterrupt)
                  0x0001e8          0x4 LONG 0xc32 DEFINED (__AltInterrupt106)?ABSOLUTE (__AltInterrupt106):DEFINED (__Interrupt106)?ABSOLUTE (__Interrupt106):ABSOLUTE (__DefaultInterrupt)
                  0x0001ea          0x4 LONG 0xc32 DEFINED (__AltInterrupt107)?ABSOLUTE (__AltInterrupt107):DEFINED (__Interrupt107)?ABSOLUTE (__Interrupt107):ABSOLUTE (__DefaultInterrupt)
                  0x0001ec          0x4 LONG 0xc32 DEFINED (__AltInterrupt108)?ABSOLUTE (__AltInterrupt108):DEFINED (__Interrupt108)?ABSOLUTE (__Interrupt108):ABSOLUTE (__DefaultInterrupt)
                  0x0001ee          0x4 LONG 0xc32 DEFINED (__AltInterrupt109)?ABSOLUTE (__AltInterrupt109):DEFINED (__Interrupt109)?ABSOLUTE (__Interrupt109):ABSOLUTE (__DefaultInterrupt)
                  0x0001f0          0x4 LONG 0xc32 DEFINED (__AltInterrupt110)?ABSOLUTE (__AltInterrupt110):DEFINED (__Interrupt110)?ABSOLUTE (__Interrupt110):ABSOLUTE (__DefaultInterrupt)
                  0x0001f2          0x4 LONG 0xc32 DEFINED (__AltInterrupt111)?ABSOLUTE (__AltInterrupt111):DEFINED (__Interrupt111)?ABSOLUTE (__Interrupt111):ABSOLUTE (__DefaultInterrupt)
                  0x0001f4          0x4 LONG 0xc32 DEFINED (__AltInterrupt112)?ABSOLUTE (__AltInterrupt112):DEFINED (__Interrupt112)?ABSOLUTE (__Interrupt112):ABSOLUTE (__DefaultInterrupt)
                  0x0001f6          0x4 LONG 0xc32 DEFINED (__AltInterrupt113)?ABSOLUTE (__AltInterrupt113):DEFINED (__Interrupt113)?ABSOLUTE (__Interrupt113):ABSOLUTE (__DefaultInterrupt)
                  0x0001f8          0x4 LONG 0xc32 DEFINED (__AltInterrupt114)?ABSOLUTE (__AltInterrupt114):DEFINED (__Interrupt114)?ABSOLUTE (__Interrupt114):ABSOLUTE (__DefaultInterrupt)
                  0x0001fa          0x4 LONG 0xc32 DEFINED (__AltInterrupt115)?ABSOLUTE (__AltInterrupt115):DEFINED (__Interrupt115)?ABSOLUTE (__Interrupt115):ABSOLUTE (__DefaultInterrupt)